D/HBMFeatureControl( 1327): checkHBMStatus,mMode=0, mOldMode = 0
E/qdlights(  732): brightness=520
D/qdlights(  732): write_int 520 ==> /sys/class/backlight/panel0-backlight/brightness_clone
D/qdlights(  732): write_int 520 ==> /sys/class/backlight/panel0-backlight/brightness
W/LightsService( 1327): brightnessFloat: 0.5149347
W/LightsService( 1327): brightnessIntNew: 132
D/HBMFeatureControl( 1327): brightness=132
D/HBMFeatureControl( 1327): checkHBMStatus,mMode=0, mOldMode = 0
E/qdlights(  732): brightness=532
D/qdlights(  732): write_int 532 ==> /sys/class/backlight/panel0-backlight/brightness_clone
D/qdlights(  732): write_int 532 ==> /sys/class/backlight/panel0-backlight/brightness
E/qdmetadata(  728): paramType 2048 not supported
W/LightsService( 1327): brightnessFloat: 0.52670014
W/LightsService( 1327): brightnessIntNew: 135
D/HBMFeatureControl( 1327): brightness=135
D/HBMFeatureControl( 1327): checkHBMStatus,mMode=0, mOldMode = 0
E/qdlights(  732): brightness=544
D/qdlights(  732): write_int 544 ==> /sys/class/backlight/panel0-backlight/brightness_clone
D/qdlights(  732): write_int 544 ==> /sys/class/backlight/panel0-backlight/brightness
W/LightsService( 1327): brightnessFloat: 0.53849256
W/LightsService( 1327): brightnessIntNew: 138
D/HBMFeatureControl( 1327): brightness=138
D/HBMFeatureControl( 1327): checkHBMStatus,mMode=0, mOldMode = 0
E/qdlights(  732): brightness=556
D/qdlights(  732): write_int 556 ==> /sys/class/backlight/panel0-backlight/brightness_clone
D/qdlights(  732): write_int 556 ==> /sys/class/backlight/panel0-backlight/brightness
W/LightsService( 1327): brightnessFloat: 0.55025804
W/LightsService( 1327): brightnessIntNew: 141
D/HBMFeatureControl( 1327): brightness=141
D/HBMFeatureControl( 1327): checkHBMStatus,mMode=0, mOldMode = 0
E/qdlights(  732): brightness=568
D/qdlights(  732): write_int 568 ==> /sys/class/backlight/panel0-backlight/brightness_clone
D/qdlights(  732): write_int 568 ==> /sys/class/backlight/panel0-backlight/brightness
W/LightsService( 1327): brightnessFloat: 0.5620235
W/LightsService( 1327): brightnessIntNew: 144
D/HBMFeatureControl( 1327): brightness=144
D/HBMFeatureControl( 1327): checkHBMStatus,mMode=0, mOldMode = 0
E/qdlights(  732): brightness=580
D/qdlights(  732): write_int 580 ==> /sys/class/backlight/panel0-backlight/brightness_clone
D/qdlights(  732): write_int 580 ==> /sys/class/backlight/panel0-backlight/brightness
W/LightsService( 1327): brightnessFloat: 0.5670238
W/LightsService( 1327): brightnessIntNew: 145
D/HBMFeatureControl( 1327): brightness=145
D/HBMFeatureControl( 1327): checkHBMStatus,mMode=0, mOldMode = 0
E/qdlights(  732): brightness=584
D/qdlights(  732): write_int 584 ==> /sys/class/backlight/panel0-backlight/brightness_clone
D/qdlights(  732): write_int 584 ==> /sys/class/backlight/panel0-backlight/brightness
I/CNSS    ( 2959): Failed to send nl message
W/AOSP-MdnsDiscoveryManag( 3054): Error while decoding multicast packet (2082): 1 [CONTEXT service_id=168 ]
W/AOSP-MdnsDiscoveryManag( 3054): Error while decoding multicast packet (2083): 1 [CONTEXT service_id=168 ]
I/vendor.qti.hardware.servicetracker@1.2-service(  779): bindService is called for service : com.google.android.gms/.chimera.PersistentDirectBootAwareApiService and for client com.google.android.gms.persistent
I/vendor.qti.hardware.servicetracker@1.2-service(  779): total connections for service : com.google.android.gms/.chimera.PersistentDirectBootAwareApiServiceare :12
I/vendor.qti.hardware.servicetracker@1.2-service(  779): total connections for client : com.google.android.gms.persistentare :5
W/ANDR-PERF-LM(  772): FeatureState: readState() 149: warning: appName is NULL, returning default State
W/ANDR-PERF-LM(  772): FeatureState: readState() 149: warning: appName is NULL, returning default State
W/ANDR-PERF-LM(  772): MetaMeter: handleSecondaryAsync() 149: PreKill MetaMeterThread start(). No MeterMgr Available to handle this Secondary/Data Async. !!!! 
D/ProfileInstaller( 1877): Installing profile for to.holepunch.bare.expo
E/qdmetadata(  728): paramType 2048 not supported
I/chatty  (  728): uid=1000(system) composer@2.4-se identical 3 lines
E/qdmetadata(  728): paramType 2048 not supported
E/qdmetadata(  728): paramType 2048 not supported
I/chatty  (  728): uid=1000(system) HwBinder:728_1 identical 7 lines
E/qdmetadata(  728): paramType 2048 not supported
D/BatteryService( 1327): /data/anr/adb_enable file.exists() =  false  mPlugType==2
E/qdmetadata(  728): paramType 2048 not supported
I/chatty  (  728): uid=1000(system) HwBinder:728_1 identical 1 line
E/qdmetadata(  728): paramType 2048 not supported
I/CNSS    ( 2959): Failed to send nl message
I/chatty  ( 2959): uid=1000(system) /system/vendor/bin/cnss_diag identical 7 lines
I/CNSS    ( 2959): Failed to send nl message
W/AOSP-MdnsDiscoveryManag( 3054): Error while decoding multicast packet (2084): 1 [CONTEXT service_id=168 ]
I/CNSS    ( 2959): Failed to send nl message
W/AOSP-MdnsDiscoveryManag( 3054): Error while decoding multicast packet (2085): 1 [CONTEXT service_id=168 ]
E/qdmetadata(  728): paramType 2048 not supported
I/CNSS    ( 2959): Failed to send nl message
I/CNSS    ( 2959): Failed to send nl message
E/qdmetadata(  728): paramType 2048 not supported
I/chatty  (  728): uid=1000(system) HwBinder:728_1 identical 2 lines
E/qdmetadata(  728): paramType 2048 not supported
W/punch.bare.exp( 1877): Accessing hidden field Landroid/widget/ScrollView;->mScroller:Landroid/widget/OverScroller; (greylist, reflection, allowed)
E/qdmetadata(  728): paramType 2048 not supported
I/chatty  (  728): uid=1000(system) HwBinder:728_1 identical 10 lines
E/qdmetadata(  728): paramType 2048 not supported
W/ThreadPoolForeg( 3660): type=1400 audit(0.0:149585): avc: denied { write } for name="traced_producer" dev="tmpfs" ino=30090 scontext=u:r:gmscore_app:s0:c512,c768 tcontext=u:object_r:traced_producer_socket:s0 tclass=sock_file permissive=0 app=com.google.android.gms
E/punch.bare.exp( 1877): Uncaught TypeError: db.core.registerExtension is not a function
E/punch.bare.exp( 1877):     at HyperbeeExtension.register (file:///app.bundle/node_modules/hyperbee/lib/extension.js:144:26)
E/punch.bare.exp( 1877):     at getExtension (file:///app.bundle/node_modules/hyperbee/index.js:1876:20)
E/punch.bare.exp( 1877):     at new Hyperbee (file:///app.bundle/node_modules/hyperbee/index.js:413:49)
E/punch.bare.exp( 1877):     at file:///app.bundle/backend/backend.mjs:38:13
E/punch.bare.exp( 1877):     at Module._run (bare:/worklet.bundle/node_modules/bare-module/index.js:225:29)
E/punch.bare.exp( 1877):     at Module._evaluate (bare:/worklet.bundle/node_modules/bare-module/index.js:212:12)
E/punch.bare.exp( 1877):     at Module._transform (bare:/worklet.bundle/node_modules/bare-module/index.js:122:12)
E/punch.bare.exp( 1877):     at Module.load (bare:/worklet.bundle/node_modules/bare-module/index.js:467:21)
E/punch.bare.exp( 1877):     at Module._extensions..bundle (bare:/worklet.bundle/node_modules/bare-module/index.js:931:28)
E/punch.bare.exp( 1877):     at Module.load (bare:/worklet.bundle/node_modules/bare-module/index.js:463:38)
--------- beginning of crash
F/libc    ( 1877): Fatal signal 6 (SIGABRT), code -1 (SI_QUEUE) in tid 2026 (mqt_v_js), pid 1877 (punch.bare.expo)
I/crash_dump64( 2067): obtaining output fd from tombstoned, type: kDebuggerdTombstone
I/tombstoned(  593): received crash request for pid 2026
I/crash_dump64( 2067): performing dump of process 1877 (target tid = 2026)
F/DEBUG   ( 2067): *** *** *** *** *** *** *** *** *** *** *** *** *** *** *** ***
F/DEBUG   ( 2067): Build fingerprint: 'Xiaomi/laurel_sprout_eea/laurel_sprout:11/RKQ1.200903.002/V12.0.23.0.RFQEUXM:user/release-keys'
F/DEBUG   ( 2067): Revision: '0'
F/DEBUG   ( 2067): ABI: 'arm64'
F/DEBUG   ( 2067): Timestamp: 2026-06-12 20:08:23+0200
F/DEBUG   ( 2067): pid: 1877, tid: 2026, name: mqt_v_js  >>> to.holepunch.bare.expo <<<
F/DEBUG   ( 2067): uid: 10412
F/DEBUG   ( 2067): signal 6 (SIGABRT), code -1 (SI_QUEUE), fault addr --------
F/DEBUG   ( 2067):     x0  0000000000000000  x1  00000000000007ea  x2  0000000000000006  x3  0000007a8c1c2e20
F/DEBUG   ( 2067):     x4  000000348f64fff9  x5  000000348f64fff9  x6  000000348f64fff9  x7  0000000000000f00
F/DEBUG   ( 2067):     x8  00000000000000f0  x9  51b97386a8aa5f18  x10 0000000000000000  x11 ffffffc0fffffbdf
F/DEBUG   ( 2067):     x12 0000000000000001  x13 0000007a88c2de39  x14 0000007d8d1cdd22  x15 0000000000000000
F/DEBUG   ( 2067):     x16 0000007d8d1cac80  x17 0000007d8d1acb70  x18 0000007a8b13e000  x19 0000000000000755
F/DEBUG   ( 2067):     x20 00000000000007ea  x21 00000000ffffffff  x22 0000000000000001  x23 000000000000000d
F/DEBUG   ( 2067):     x24 0000000000000000  x25 000000348f648f21  x26 b400007caaea8100  x27 0000007a88c04e99
F/DEBUG   ( 2067):     x28 0000000000000000  x29 0000007a8c1c2ea0
F/DEBUG   ( 2067):     lr  0000007d8d1603e0  sp  0000007a8c1c2e00  pc  0000007d8d16040c  pst 0000000000000000
F/DEBUG   ( 2067): backtrace:
F/DEBUG   ( 2067):       #00 pc 000000000004e40c  /apex/com.android.runtime/lib64/bionic/libc.so (abort+164) (BuildId: 8d77279a411c99f8bc6edb79c76340fb)
F/DEBUG   ( 2067):       #01 pc 0000000002065810  /data/app/~~wC7Wq8PVpncFljrPnEKHgg==/to.holepunch.bare.expo-k1CLgf4ISOW-tvJpSlCWfA==/base.apk!libbare-kit.so (offset 0x1ea0000) (BuildId: 766b86aaddcaa19987ede8d02da8ca4805b0c4b7)
F/DEBUG   ( 2067):       #02 pc 000000000207e008  /data/app/~~wC7Wq8PVpncFljrPnEKHgg==/to.holepunch.bare.expo-k1CLgf4ISOW-tvJpSlCWfA==/base.apk!libbare-kit.so (offset 0x1ea0000) (js_callback_s::on_call(v8::FunctionCallbackInfo<v8::Value> const&)+52) (BuildId: 766b86aaddcaa19987ede8d02da8ca4805b0c4b7)
F/DEBUG   ( 2067):       #03 pc 000000000370c178  /data/app/~~wC7Wq8PVpncFljrPnEKHgg==/to.holepunch.bare.expo-k1CLgf4ISOW-tvJpSlCWfA==/base.apk!libbare-kit.so (offset 0x1ea0000) (BuildId: 766b86aaddcaa19987ede8d02da8ca4805b0c4b7)
D/BatteryService( 1327): /data/anr/adb_enable file.exists() =  false  mPlugType==2
D/KeyguardUpdateMonitor( 2191): received broadcast android.intent.action.BATTERY_CHANGED
D/QtiCarrierConfigHelper( 2451): WARNING, no carrier configs on phone Id: 0
D/BatteryController( 2191): onReceive ACTION_BATTERY_CHANGED eLevel = 100; eScale = 100; mLevel = 100; mPluggedIn = true; mCharged = true; mCharging = true
D/BatteryMeterView( 2191): onBatteryLevelChanged level = 100; pluggedIn = true; charging = true; mLevel = 100
I/chatty  ( 2191): uid=1000(system) com.android.systemui identical 1 line
D/BatteryMeterView( 2191): onBatteryLevelChanged level = 100; pluggedIn = true; charging = true; mLevel = 100
D/KeyguardUpdateMonitor( 2191): handleBatteryUpdate
D/DeviceStatisticsService( 2490): chargerType=2 batteryLevel=100 totalBatteryCapacity=3418200
D/DeviceInfoHidlClient( 2490): isPowerInfoNeverSent()=true
E/qdmetadata(  728): paramType 2048 not supported
W/adbd    (  956): timeout expired while flushing socket, closing
E/qdmetadata(  728): paramType 2048 not supported
I/DropBoxManagerService( 1327): add tag=data_app_native_crash isTagEnabled=true flags=0x2
W/ActivityTaskManager( 1327):   Force finishing activity to.holepunch.bare.expo/.MainActivity
E/tombstoned(  593): Tombstone written to: /data/tombstones/tombstone_10
I/BootReceiver( 1327): Copying /data/tombstones/tombstone_10 to DropBox (SYSTEM_TOMBSTONE)
I/DropBoxManagerService( 1327): add tag=SYSTEM_TOMBSTONE isTagEnabled=true flags=0x2
V/ActivityTaskManager( 1327): Calling mServicetracker.OnActivityStateChange with flag truestatePAUSING
D/ActivityTrigger( 1327): ActivityTrigger activityPauseTrigger 
I/vendor.qti.hardware.servicetracker@1.2-service(  779): Activity state is changed to : 3
V/ActivityTaskManager( 1327): Calling mServicetracker.OnActivityStateChange with flag falsestatePAUSING
I/vendor.qti.hardware.servicetracker@1.2-service(  779): Activity state is changed to : 3
W/BroadcastQueue( 1327): Background execution not allowed: receiving Intent { act=android.intent.action.DROPBOX_ENTRY_ADDED flg=0x10 (has extras) } to com.google.android.gms/.stats.service.DropBoxEntryAddedReceiver
W/BroadcastQueue( 1327): Background execution not allowed: receiving Intent { act=android.intent.action.DROPBOX_ENTRY_ADDED flg=0x10 (has extras) } to com.google.android.gms/.stats.service.DropBoxEntryAddedReceiver
D/CompatibilityInfo( 1327): mCompatibilityFlags - 0
D/CompatibilityInfo( 1327): applicationDensity - 320
D/CompatibilityInfo( 1327): applicationScale - 1.0
I/vendor.qti.hardware.servicetracker@1.2-service(  779): startService() is called for servicecom.google.android.gms/.chimera.PersistentIntentOperationService
D/CompatibilityInfo( 1327): mCompatibilityFlags - 0
D/CompatibilityInfo( 1327): applicationDensity - 320
D/CompatibilityInfo( 1327): applicationScale - 1.0
I/vendor.qti.hardware.servicetracker@1.2-service(  779): startService() is called for servicecom.google.android.gms/.stats.service.DropBoxEntryAddedService
I/vendor.qti.hardware.servicetracker@1.2-service(  779): destroyService is called for service : com.google.android.gms/.stats.service.DropBoxEntryAddedService
I/ActivityManager( 1327): Process to.holepunch.bare.expo (pid 1877) has died: prcp TOP 
I/sensors-hal(  752): batch:243, android.sensor.accelerometer/11, period=200000000, max_latency=0
I/sensors-hal(  752): set_config:63, sample_period_ns is adjusted to 200000000 based on min/max delay_ns
I/WindowManager( 1327): WIN DEATH: Window{1fed5 u0 to.holepunch.bare.expo/to.holepunch.bare.expo.MainActivity}
W/InputDispatcher( 1327): Attempted to unregister already unregistered input channel '1fed5 to.holepunch.bare.expo/to.holepunch.bare.expo.MainActivity (server)'
I/sensors-hal(  752): batch:252, android.sensor.accelerometer/11, period=200000000, max_latency=0 request completed
I/sensors-hal(  752): ssc_conn_resp_cb:651, resp_value = 0
I/Zygote  (  603): Process 1877 exited due to signal 6 (Aborted)
I/vendor.qti.hardware.servicetracker@1.2-service(  779): killProcess is called for pid : 1877
V/ActivityTaskManager( 1327): Calling mServicetracker.OnActivityStateChange with flag truestateDESTROYED
V/ActivityTaskManager( 1327): Calling mServicetracker.OnActivityStateChange with flag falsestateDESTROYED
I/vendor.qti.hardware.servicetracker@1.2-service(  779): Activity state is changed to : 9
I/chatty  (  779): uid=1000(system) HwBinder:779_4 identical 1 line
V/ActivityTaskManager( 1327): Calling mServicetracker.OnActivityStateChange with flag truestateDESTROYED
I/vendor.qti.hardware.servicetracker@1.2-service(  779): Activity state is changed to : 9
V/ActivityTaskManager( 1327): Calling mServicetracker.OnActivityStateChange with flag truestateRESUMED
I/vendor.qti.hardware.servicetracker@1.2-service(  779): Activity state is changed to : 2
V/ActivityTaskManager( 1327): Calling mServicetracker.OnActivityStateChange with flag falsestateRESUMED
I/vendor.qti.hardware.servicetracker@1.2-service(  779): Activity state is changed to : 2
I/libprocessgroup( 1327): Successfully killed process cgroup uid 10412 pid 1877 in 42ms
I/Finsky  ( 4255): [2] Memory trim requested to level 80
W/ActivityManager( 1327): setHasOverlayUi called on unknown pid: 1877
I/Finsky:background(32655): [2] Memory trim requested to level 60
I/ForwardSyncCache(27501): reclaimMemory: Clearing caches
I/AppBase ( 2901): AppBase.onTrimMemory():284 onTrimMemory(): 5
I/KeyboardDefCache( 2901): MemoryFileCache$1.onTrimMemory():124 clearMemory() for trim memory: 5
I/KeyboardDefCache( 2901): MemoryFileCache.clearMemory():408 evictAll()
I/GoogleInputMethodService( 2901): GoogleInputMethodService.onTrimMemory():3002 onTrimMemory(): 5
I/vendor.qti.hardware.servicetracker@1.2-service(  779): bindService is called for service : com.google.android.googlequicksearchbox/com.google.android.apps.gsa.nowoverlayservice.DrawerOverlayService and for client com.android.launcher3
I/vendor.qti.hardware.servicetracker@1.2-service(  779): total connections for service : com.google.android.googlequicksearchbox/com.google.android.apps.gsa.nowoverlayservice.DrawerOverlayServiceare :1
I/vendor.qti.hardware.servicetracker@1.2-service(  779): total connections for client : com.android.launcher3are :1
I/BugleSpam(27501): HadesBitmapStore: Purged 0 images during memory reclamation
I/BugleRestore(27501): reclaimMemory: Clearing persistent caches
W/Bugle   (27501): TextClassifierLibManagerImpl: Reclaiming memory at level: 80
I/Finsky  ( 4255): [2] Flushing in-memory image cache
I/bynm    ( 3914): onStart
I/bwgw    ( 3914): (REDACTED) [%s] onStart()
I/bwjj    ( 3914): Reloading theme data
E/NetworkErrorMessage( 3914): (REDACTED) Invalid connectivity state: %s
I/bynm    ( 3914): onResume
W/dolk    ( 3914): missing event name
D/PredictionService( 4027): onRequestPredictionUpdate
D/PredictionService( 4027): update predictions
E/qdmetadata(  728): paramType 2048 not supported
I/chatty  (  728): uid=1000(system) HwBinder:728_1 identical 1 line
E/qdmetadata(  728): paramType 2048 not supported
I/GoogleInputMethodService( 2901): GoogleInputMethodService.onFinishInput():2259 
I/Module  ( 2901): DeviceLockedStatusModuleProvider$Module.updateDeviceLockedStatusInternal():127 repeatCheckTimes = 0, locked = false
I/GoogleInputMethodService( 2901): GoogleInputMethodService.onStartInput():1446 onStartInput(EditorInfo{EditorInfo{packageName=com.android.launcher3, inputType=0, inputTypeString=NULL, enableLearning=false, autoCorrection=false, autoComplete=false, imeOptions=0, privateImeOptions=null, actionName=UNSPECIFIED, actionLabel=null, initialSelStart=-1, initialSelEnd=-1, initialCapsMode=0, label=null, fieldId=-1, fieldName=null, extras=null, hintText=null, hintLocales=[]}}, false)
W/AndroidIME( 2901): LatinIMEBase.updateInputViewCoverNavigation():326 Null input view, cannot update padding!
I/Module  ( 2901): DeviceLockedStatusModuleProvider$Module.updateDeviceLockedStatusInternal():127 repeatCheckTimes = 1, locked = false
E/qdmetadata(  728): paramType 2048 not supported
I/chatty  (  728): uid=1000(system) HwBinder:728_1 identical 16 lines
E/qdmetadata(  728): paramType 2048 not supported
W/charge_logger( 2082): type=1400 audit(0.0:149586): avc: denied { remove_name } for name="charge_logger_a.csv" dev="sda15" ino=174 scontext=u:r:charge_logger:s0 tcontext=u:object_r:charge_logger_data_file:s0 tclass=dir permissive=0
I/vendor.qti.hardware.servicetracker@1.2-service(  779): bindService is called for service : com.google.android.gms/.chimera.PersistentDirectBootAwareApiService and for client com.google.android.apps.messaging
I/vendor.qti.hardware.servicetracker@1.2-service(  779): total connections for service : com.google.android.gms/.chimera.PersistentDirectBootAwareApiServiceare :12
I/vendor.qti.hardware.servicetracker@1.2-service(  779): total connections for client : com.google.android.apps.messagingare :1
I/CNSS    ( 2959): Failed to send nl message
I/chatty  ( 2959): uid=1000(system) /system/vendor/bin/cnss_diag identical 8 lines
I/CNSS    ( 2959): Failed to send nl message
W/AOSP-MdnsDiscoveryManag( 3054): Error while decoding multicast packet (2086): 1 [CONTEXT service_id=168 ]
W/AOSP-MdnsDiscoveryManag( 3054): Error while decoding multicast packet (2087): 1 [CONTEXT service_id=168 ]
I/CNSS    ( 2959): Failed to send nl message
