--------- beginning of main
--------- beginning of system
06-12 20:18:10.646  1327  2119 E ANDR-PERF-JNI: com_qualcomm_qtiperformance_native_perf_io_prefetch_start
06-12 20:18:10.653   771   789 E ANDR-IOP: io prefetch is disabled
06-12 20:18:10.727   728   838 E qdmetadata: paramType 2048 not supported
06-12 20:18:10.730   728   838 E qdmetadata: paramType 2048 not supported
06-12 20:18:10.742   728   838 E qdmetadata: paramType 2048 not supported
06-12 20:18:10.761   728   838 E qdmetadata: paramType 2048 not supported
06-12 20:18:10.777   728   838 E qdmetadata: paramType 2048 not supported
06-12 20:18:11.343   728   838 E qdmetadata: paramType 2048 not supported
06-12 20:18:11.359   728   838 E qdmetadata: paramType 2048 not supported
06-12 20:18:11.376   728   838 E qdmetadata: paramType 2048 not supported
06-12 20:18:11.393   728   838 E qdmetadata: paramType 2048 not supported
06-12 20:18:11.409   728   838 E qdmetadata: paramType 2048 not supported
06-12 20:18:11.426   728   838 E qdmetadata: paramType 2048 not supported
06-12 20:18:11.459   728   838 E qdmetadata: paramType 2048 not supported
06-12 20:18:11.476   728   838 E qdmetadata: paramType 2048 not supported
06-12 20:18:11.493   728   838 E qdmetadata: paramType 2048 not supported
06-12 20:18:11.509   728   838 E qdmetadata: paramType 2048 not supported
06-12 20:18:11.526   728   838 E qdmetadata: paramType 2048 not supported
06-12 20:18:11.726   728   838 E qdmetadata: paramType 2048 not supported
06-12 20:18:11.743   728   838 E qdmetadata: paramType 2048 not supported
06-12 20:18:11.809   728   838 E qdmetadata: paramType 2048 not supported
06-12 20:18:11.826   728   838 E qdmetadata: paramType 2048 not supported
06-12 20:18:11.993   728   838 E qdmetadata: paramType 2048 not supported
06-12 20:18:12.009   728   838 E qdmetadata: paramType 2048 not supported
06-12 20:18:12.076   728   838 E qdmetadata: paramType 2048 not supported
06-12 20:18:12.093   728   838 E qdmetadata: paramType 2048 not supported
06-12 20:18:12.109   728   838 E qdmetadata: paramType 2048 not supported
06-12 20:18:12.126   728   838 E qdmetadata: paramType 2048 not supported
06-12 20:18:12.143   728   838 E qdmetadata: paramType 2048 not supported
06-12 20:18:12.161   728   838 E qdmetadata: paramType 2048 not supported
06-12 20:18:12.179   728   838 E qdmetadata: paramType 2048 not supported
06-12 20:18:12.196   728   838 E qdmetadata: paramType 2048 not supported
06-12 20:18:12.211   728   838 E qdmetadata: paramType 2048 not supported
06-12 20:18:12.229   728   838 E qdmetadata: paramType 2048 not supported
06-12 20:18:12.278   728   838 E qdmetadata: paramType 2048 not supported
06-12 20:18:12.295   728   728 E qdmetadata: paramType 2048 not supported
06-12 20:18:12.306  3651  3651 E unknown:ReactHost: Unhandled SoftException
06-12 20:18:12.306  3651  3651 E unknown:ReactHost: com.facebook.react.bridge.ReactNoCrashSoftException: raiseSoftException(onWindowFocusChange(hasFocus = "true")): Tried to access onWindowFocusChange while context is not ready
06-12 20:18:12.306  3651  3651 E unknown:ReactHost: 	at com.facebook.react.runtime.ReactHostImpl.raiseSoftException(ReactHostImpl.kt:905)
06-12 20:18:12.306  3651  3651 E unknown:ReactHost: 	at com.facebook.react.runtime.ReactHostImpl.raiseSoftException$default(ReactHostImpl.kt:896)
06-12 20:18:12.306  3651  3651 E unknown:ReactHost: 	at com.facebook.react.runtime.ReactHostImpl.onWindowFocusChange(ReactHostImpl.kt:668)
06-12 20:18:12.306  3651  3651 E unknown:ReactHost: 	at com.facebook.react.ReactDelegate.onWindowFocusChanged(ReactDelegate.kt:232)
06-12 20:18:12.306  3651  3651 E unknown:ReactHost: 	at com.facebook.react.ReactActivityDelegate.onWindowFocusChanged(ReactActivityDelegate.java:237)
06-12 20:18:12.306  3651  3651 E unknown:ReactHost: 	at expo.modules.ReactActivityDelegateWrapper$onWindowFocusChanged$1.invokeSuspend(ReactActivityDelegateWrapper.kt:320)
06-12 20:18:12.306  3651  3651 E unknown:ReactHost: 	at expo.modules.ReactActivityDelegateWrapper$onWindowFocusChanged$1.invoke(Unknown Source:8)
06-12 20:18:12.306  3651  3651 E unknown:ReactHost: 	at expo.modules.ReactActivityDelegateWrapper$onWindowFocusChanged$1.invoke(Unknown Source:4)
06-12 20:18:12.306  3651  3651 E unknown:ReactHost: 	at expo.modules.ReactActivityDelegateWrapper$launchLifecycleScopeWithLock$1.invokeSuspend(ReactActivityDelegateWrapper.kt:452)
06-12 20:18:12.306  3651  3651 E unknown:ReactHost: 	at kotlin.coroutines.jvm.internal.BaseContinuationImpl.resumeWith(ContinuationImpl.kt:33)
06-12 20:18:12.306  3651  3651 E unknown:ReactHost: 	at kotlinx.coroutines.internal.DispatchedContinuationKt.resumeCancellableWith(DispatchedContinuation.kt:375)
06-12 20:18:12.306  3651  3651 E unknown:ReactHost: 	at kotlinx.coroutines.intrinsics.CancellableKt.startCoroutineCancellable(Cancellable.kt:26)
06-12 20:18:12.306  3651  3651 E unknown:ReactHost: 	at kotlinx.coroutines.CoroutineStart.invoke(CoroutineStart.kt:358)
06-12 20:18:12.306  3651  3651 E unknown:ReactHost: 	at kotlinx.coroutines.AbstractCoroutine.start(AbstractCoroutine.kt:134)
06-12 20:18:12.306  3651  3651 E unknown:ReactHost: 	at kotlinx.coroutines.BuildersKt__Builders_commonKt.launch(Builders.common.kt:53)
06-12 20:18:12.306  3651  3651 E unknown:ReactHost: 	at kotlinx.coroutines.BuildersKt.launch(Unknown Source:1)
06-12 20:18:12.306  3651  3651 E unknown:ReactHost: 	at kotlinx.coroutines.BuildersKt__Builders_commonKt.launch$default(Builders.common.kt:44)
06-12 20:18:12.306  3651  3651 E unknown:ReactHost: 	at kotlinx.coroutines.BuildersKt.launch$default(Unknown Source:1)
06-12 20:18:12.306  3651  3651 E unknown:ReactHost: 	at expo.modules.ReactActivityDelegateWrapper.launchLifecycleScopeWithLock(ReactActivityDelegateWrapper.kt:450)
06-12 20:18:12.306  3651  3651 E unknown:ReactHost: 	at expo.modules.ReactActivityDelegateWrapper.launchLifecycleScopeWithLock$default(ReactActivityDelegateWrapper.kt:446)
06-12 20:18:12.306  3651  3651 E unknown:ReactHost: 	at expo.modules.ReactActivityDelegateWrapper.onWindowFocusChanged(ReactActivityDelegateWrapper.kt:318)
06-12 20:18:12.306  3651  3651 E unknown:ReactHost: 	at com.facebook.react.ReactActivity.onWindowFocusChanged(ReactActivity.java:158)
06-12 20:18:12.306  3651  3651 E unknown:ReactHost: 	at androidx.appcompat.view.WindowCallbackWrapper.onWindowFocusChanged(WindowCallbackWrapper.java:124)
06-12 20:18:12.306  3651  3651 E unknown:ReactHost: 	at com.android.internal.policy.DecorView.onWindowFocusChanged(DecorView.java:1691)
06-12 20:18:12.306  3651  3651 E unknown:ReactHost: 	at android.view.View.dispatchWindowFocusChanged(View.java:14583)
06-12 20:18:12.306  3651  3651 E unknown:ReactHost: 	at android.view.ViewGroup.dispatchWindowFocusChanged(ViewGroup.java:1502)
06-12 20:18:12.306  3651  3651 E unknown:ReactHost: 	at android.view.ViewRootImpl.handleWindowFocusChanged(ViewRootImpl.java:3259)
06-12 20:18:12.306  3651  3651 E unknown:ReactHost: 	at android.view.ViewRootImpl.access$1100(ViewRootImpl.java:192)
06-12 20:18:12.306  3651  3651 E unknown:ReactHost: 	at android.view.ViewRootImpl$ViewRootHandler.handleMessage(ViewRootImpl.java:5049)
06-12 20:18:12.306  3651  3651 E unknown:ReactHost: 	at android.os.Handler.dispatchMessage(Handler.java:106)
06-12 20:18:12.306  3651  3651 E unknown:ReactHost: 	at android.os.Looper.loop(Looper.java:223)
06-12 20:18:12.306  3651  3651 E unknown:ReactHost: 	at android.app.ActivityThread.main(ActivityThread.java:7698)
06-12 20:18:12.306  3651  3651 E unknown:ReactHost: 	at java.lang.reflect.Method.invoke(Native Method)
06-12 20:18:12.306  3651  3651 E unknown:ReactHost: 	at com.android.internal.os.RuntimeInit$MethodAndArgsCaller.run(RuntimeInit.java:592)
06-12 20:18:12.306  3651  3651 E unknown:ReactHost: 	at com.android.internal.os.ZygoteInit.main(ZygoteInit.java:952)
06-12 20:18:12.313   728   728 E qdmetadata: paramType 2048 not supported
06-12 20:18:12.317   728   728 E qdmetadata: paramType 2048 not supported
06-12 20:18:12.329   728   728 E qdmetadata: paramType 2048 not supported
06-12 20:18:12.329   728   728 E qdmetadata: paramType 2048 not supported
06-12 20:18:12.334   728   728 E qdmetadata: paramType 2048 not supported
06-12 20:18:12.346   728   728 E qdmetadata: paramType 2048 not supported
06-12 20:18:12.493   728   728 E qdmetadata: paramType 2048 not supported
06-12 20:18:12.510   728   728 E qdmetadata: paramType 2048 not supported
06-12 20:18:12.527   728   728 E qdmetadata: paramType 2048 not supported
06-12 20:18:12.544   728   728 E qdmetadata: paramType 2048 not supported
06-12 20:18:12.561   728   728 E qdmetadata: paramType 2048 not supported
06-12 20:18:12.577   728   728 E qdmetadata: paramType 2048 not supported
06-12 20:18:12.644   728   728 E qdmetadata: paramType 2048 not supported
06-12 20:18:12.662   728   728 E qdmetadata: paramType 2048 not supported
06-12 20:18:12.678   728   728 E qdmetadata: paramType 2048 not supported
06-12 20:18:12.760   728   728 E qdmetadata: paramType 2048 not supported
06-12 20:18:12.853   728   728 E qdmetadata: paramType 2048 not supported
06-12 20:18:15.576   728   728 E qdmetadata: paramType 2048 not supported
06-12 20:18:15.664   728   728 E qdmetadata: paramType 2048 not supported
06-12 20:18:16.113   732   732 E qdlights: brightness=68
06-12 20:18:16.128   728   728 E qdmetadata: paramType 2048 not supported
06-12 20:18:16.133   728   728 E qdmetadata: paramType 2048 not supported
06-12 20:18:16.135   732   732 E qdlights: brightness=80
06-12 20:18:16.145   728   728 E qdmetadata: paramType 2048 not supported
06-12 20:18:16.148   732   732 E qdlights: brightness=92
06-12 20:18:16.162   732   732 E qdlights: brightness=104
06-12 20:18:16.179   732   732 E qdlights: brightness=116
06-12 20:18:16.195   732   732 E qdlights: brightness=128
06-12 20:18:16.212   732   732 E qdlights: brightness=140
06-12 20:18:16.230   732   732 E qdlights: brightness=152
06-12 20:18:16.232   728   728 E qdmetadata: paramType 2048 not supported
06-12 20:18:16.244   728   728 E qdmetadata: paramType 2048 not supported
06-12 20:18:16.248   728   728 E qdmetadata: paramType 2048 not supported
06-12 20:18:16.251   732   732 E qdlights: brightness=164
06-12 20:18:16.263   732   732 E qdlights: brightness=176
06-12 20:18:16.279   732   732 E qdlights: brightness=188
06-12 20:18:16.296   732   732 E qdlights: brightness=200
06-12 20:18:16.313   732   732 E qdlights: brightness=212
06-12 20:18:16.331   732   732 E qdlights: brightness=224
06-12 20:18:16.331   728   728 E qdmetadata: paramType 2048 not supported
06-12 20:18:16.346   732   732 E qdlights: brightness=236
06-12 20:18:16.362   732   732 E qdlights: brightness=248
06-12 20:18:16.379   732   732 E qdlights: brightness=260
06-12 20:18:16.396   732   732 E qdlights: brightness=272
06-12 20:18:16.413   732   732 E qdlights: brightness=284
06-12 20:18:16.429   732   732 E qdlights: brightness=296
06-12 20:18:16.446   732   732 E qdlights: brightness=308
06-12 20:18:16.462   732   732 E qdlights: brightness=320
06-12 20:18:16.479   732   732 E qdlights: brightness=328
06-12 20:18:16.495   732   732 E qdlights: brightness=340
06-12 20:18:16.512   732   732 E qdlights: brightness=352
06-12 20:18:16.531   732   732 E qdlights: brightness=364
06-12 20:18:16.546   732   732 E qdlights: brightness=376
06-12 20:18:16.562   732   732 E qdlights: brightness=388
06-12 20:18:16.579   732   732 E qdlights: brightness=400
06-12 20:18:16.596   732   732 E qdlights: brightness=412
06-12 20:18:16.612   732   732 E qdlights: brightness=424
06-12 20:18:16.628   728   728 E qdmetadata: paramType 2048 not supported
06-12 20:18:16.630   732   732 E qdlights: brightness=436
06-12 20:18:16.645   728   728 E qdmetadata: paramType 2048 not supported
06-12 20:18:16.649   732   732 E qdlights: brightness=448
06-12 20:18:16.662   732   732 E qdlights: brightness=460
06-12 20:18:16.680   732   732 E qdlights: brightness=472
06-12 20:18:16.698   732   732 E qdlights: brightness=484
06-12 20:18:16.713   732   732 E qdlights: brightness=496
06-12 20:18:16.730   732   732 E qdlights: brightness=508
06-12 20:18:16.750   732   732 E qdlights: brightness=520
06-12 20:18:16.750   728   728 E qdmetadata: paramType 2048 not supported
06-12 20:18:16.762   732   732 E qdlights: brightness=532
06-12 20:18:16.780   732   732 E qdlights: brightness=544
06-12 20:18:16.798   732   732 E qdlights: brightness=556
06-12 20:18:16.812   732   732 E qdlights: brightness=568
06-12 20:18:16.830   732   732 E qdlights: brightness=580
06-12 20:18:16.848   732   732 E qdlights: brightness=584
06-12 20:18:17.997   728   728 E qdmetadata: paramType 2048 not supported
06-12 20:18:18.162   728   728 E qdmetadata: paramType 2048 not supported
06-12 20:18:18.177   728   728 E qdmetadata: paramType 2048 not supported
06-12 20:18:18.194   728   728 E qdmetadata: paramType 2048 not supported
06-12 20:18:18.210   728   728 E qdmetadata: paramType 2048 not supported
06-12 20:18:18.244   728   728 E qdmetadata: paramType 2048 not supported
06-12 20:18:18.260   728   728 E qdmetadata: paramType 2048 not supported
06-12 20:18:18.347   728   728 E qdmetadata: paramType 2048 not supported
06-12 20:18:18.494   728   728 E qdmetadata: paramType 2048 not supported
06-12 20:18:18.511   728   728 E qdmetadata: paramType 2048 not supported
06-12 20:18:18.598   728   728 E qdmetadata: paramType 2048 not supported
06-12 20:18:19.101   728   728 E qdmetadata: paramType 2048 not supported
06-12 20:18:19.122   728   728 E qdmetadata: paramType 2048 not supported
06-12 20:18:19.148   728   728 E qdmetadata: paramType 2048 not supported
06-12 20:18:19.168   728   728 E qdmetadata: paramType 2048 not supported
06-12 20:18:19.179   728   728 E qdmetadata: paramType 2048 not supported
06-12 20:18:19.184   728   728 E qdmetadata: paramType 2048 not supported
06-12 20:18:19.206   728   728 E qdmetadata: paramType 2048 not supported
06-12 20:18:19.234   728   728 E qdmetadata: paramType 2048 not supported
06-12 20:18:19.273   728   728 E qdmetadata: paramType 2048 not supported
06-12 20:18:19.303   728   728 E qdmetadata: paramType 2048 not supported
06-12 20:18:19.363   728   728 E qdmetadata: paramType 2048 not supported
06-12 20:18:19.455   728   728 E qdmetadata: paramType 2048 not supported
06-12 20:18:20.078   728   728 E qdmetadata: paramType 2048 not supported
06-12 20:18:20.111   728   728 E qdmetadata: paramType 2048 not supported
06-12 20:18:20.128   728   728 E qdmetadata: paramType 2048 not supported
06-12 20:18:20.244   728   728 E qdmetadata: paramType 2048 not supported
06-12 20:18:20.261   728   728 E qdmetadata: paramType 2048 not supported
06-12 20:18:20.328   728   728 E qdmetadata: paramType 2048 not supported
06-12 20:18:20.345   728   728 E qdmetadata: paramType 2048 not supported
06-12 20:18:20.416   728   728 E qdmetadata: paramType 2048 not supported
06-12 20:18:20.480  1327  2659 E ClipboardService: Denying clipboard access to com.appmind.radios.es, application is not in focus nor is it a system service for user 0
06-12 20:18:20.481  1327  2659 E ClipboardService: Denying clipboard access to com.wiseplay, application is not in focus nor is it a system service for user 0
06-12 20:18:20.545   728   728 E qdmetadata: paramType 2048 not supported
06-12 20:18:20.585   728   728 E qdmetadata: paramType 2048 not supported
06-12 20:18:20.598   728   728 E qdmetadata: paramType 2048 not supported
06-12 20:18:20.614   728   728 E qdmetadata: paramType 2048 not supported
06-12 20:18:20.634   728   728 E qdmetadata: paramType 2048 not supported
06-12 20:18:20.639   728   728 E qdmetadata: paramType 2048 not supported
06-12 20:18:20.665   728   728 E qdmetadata: paramType 2048 not supported
06-12 20:18:20.699   728   728 E qdmetadata: paramType 2048 not supported
06-12 20:18:20.717   728   728 E qdmetadata: paramType 2048 not supported
06-12 20:18:20.723   728   728 E qdmetadata: paramType 2048 not supported
06-12 20:18:20.748   728   728 E qdmetadata: paramType 2048 not supported
06-12 20:18:20.853   728   728 E qdmetadata: paramType 2048 not supported
06-12 20:18:21.627   728   728 E qdmetadata: paramType 2048 not supported
06-12 20:18:21.710   728   728 E qdmetadata: paramType 2048 not supported
06-12 20:18:21.727   728   728 E qdmetadata: paramType 2048 not supported
06-12 20:18:21.744   728   728 E qdmetadata: paramType 2048 not supported
06-12 20:18:21.761   728   728 E qdmetadata: paramType 2048 not supported
06-12 20:18:21.777   728   728 E qdmetadata: paramType 2048 not supported
06-12 20:18:21.794   728   728 E qdmetadata: paramType 2048 not supported
06-12 20:18:21.813   728   728 E qdmetadata: paramType 2048 not supported
06-12 20:18:21.829   728   728 E qdmetadata: paramType 2048 not supported
06-12 20:18:21.844   728   728 E qdmetadata: paramType 2048 not supported
06-12 20:18:21.956   728   728 E qdmetadata: paramType 2048 not supported
