--------- beginning of main
I/chatty  ( 2959): uid=1000(system) /system/vendor/bin/cnss_diag expire 16 lines
I/CNSS    ( 2959): Failed to send nl message
W/System  ( 1327): A resource failed to call release. 
I/chatty  ( 1327): uid=1000(system) FinalizerDaemon identical 5 lines
W/System  ( 1327): A resource failed to call release. 
W/charge_logger( 1859): type=1400 audit(0.0:149583): avc: denied { remove_name } for name="charge_logger_a.csv" dev="sda15" ino=174 scontext=u:r:charge_logger:s0 tcontext=u:object_r:charge_logger_data_file:s0 tclass=dir permissive=0
--------- beginning of system
I/ActivityTaskManager( 1327): START u0 {act=android.intent.action.VIEW dat=to.holepunch.bare.expo://expo-development-client/?url=http://192.168.0.219:8081 flg=0x10000000 cmp=to.holepunch.bare.expo/.MainActivity} from uid 2000
D/EventSequenceValidator( 1327): Transition from ACTIVITY_FINISHED to INTENT_STARTED
V/ActivityTaskManager( 1327): Calling mServicetracker.OnActivityStateChange with flag falsestateINITIALIZING
V/ActivityTaskManager( 1327): Calling mServicetracker.OnActivityStateChange with flag truestateINITIALIZING
I/vendor.qti.hardware.servicetracker@1.2-service(  779): Activity state is changed to : 0
I/vendor.qti.hardware.servicetracker@1.2-service(  779): Activity state is changed to : 0
E/ANDR-PERF-JNI( 1327): com_qualcomm_qtiperformance_native_perf_io_prefetch_start
E/ANDR-IOP(  771): io prefetch is disabled
D/CompatibilityInfo( 1327): mCompatibilityFlags - 0
D/CompatibilityInfo( 1327): applicationDensity - 320
D/CompatibilityInfo( 1327): applicationScale - 1.0
V/ActivityTaskManager( 1327): Calling mServicetracker.OnActivityStateChange with flag truestateRESUMED
I/vendor.qti.hardware.servicetracker@1.2-service(  779): Activity state is changed to : 2
V/ActivityTaskManager( 1327): Calling mServicetracker.OnActivityStateChange with flag truestatePAUSING
D/ActivityTrigger( 1327): ActivityTrigger activityPauseTrigger 
I/vendor.qti.hardware.servicetracker@1.2-service(  779): Activity state is changed to : 3
V/ActivityTaskManager( 1327): Calling mServicetracker.OnActivityStateChange with flag falsestatePAUSING
I/vendor.qti.hardware.servicetracker@1.2-service(  779): Activity state is changed to : 3
I/cmd     ( 1863): oneway function results will be dropped but finished with status OK and parcel size 4
V/ActivityTaskManager( 1327): Calling mServicetracker.OnActivityStateChange with flag truestatePAUSED
V/ActivityTaskManager( 1327): Calling mServicetracker.OnActivityStateChange with flag falsestatePAUSED
I/vendor.qti.hardware.servicetracker@1.2-service(  779): Activity state is changed to : 4
I/vendor.qti.hardware.servicetracker@1.2-service(  779): Activity state is changed to : 4
V/ActivityTaskManager( 1327): Calling mServicetracker.OnActivityStateChange with flag truestateRESUMED
I/vendor.qti.hardware.servicetracker@1.2-service(  779): Activity state is changed to : 2
D/CompatibilityChangeReporter( 1327): Compat change id reported: 135634846; UID 10412; state: DISABLED
D/CompatibilityChangeReporter( 1327): Compat change id reported: 135754954; UID 10412; state: ENABLED
D/CompatibilityChangeReporter( 1327): Compat change id reported: 143937733; UID 10412; state: ENABLED
D/EventSequenceValidator( 1327): Transition from INTENT_STARTED to ACTIVITY_LAUNCHED
D/Zygote  (  603): Forked child process 1877
I/ActivityManager( 1327): Start proc 1877:to.holepunch.bare.expo/u0a412 for pre-top-activity {to.holepunch.bare.expo/to.holepunch.bare.expo.MainActivity}
W/Zygote  ( 1877): Unable to open libbeluga.so: dlopen failed: library "libbeluga.so" not found.
I/punch.bare.exp( 1877): Late-enabling -Xcheck:jni
I/punch.bare.exp( 1877): Unquickening 18 vdex files!
I/adbd    (  956): jdwp connection from 1877
D/CompatibilityInfo( 1327): mCompatibilityFlags - 0
D/CompatibilityInfo( 1327): applicationDensity - 320
D/CompatibilityInfo( 1327): applicationScale - 1.0
D/CompatibilityInfo( 1327): mCompatibilityFlags - 0
D/CompatibilityInfo( 1327): applicationDensity - 320
D/CompatibilityInfo( 1327): applicationScale - 1.0
V/ActivityTaskManager( 1327): Calling mServicetracker.OnActivityStateChange with flag truestateRESUMED
V/ActivityTaskManager( 1327): Calling mServicetracker.OnActivityStateChange with flag falsestateRESUMED
I/vendor.qti.hardware.servicetracker@1.2-service(  779): Activity state is changed to : 2
I/vendor.qti.hardware.servicetracker@1.2-service(  779): Activity state is changed to : 2
E/qdmetadata(  728): paramType 2048 not supported
I/chatty  (  728): uid=1000(system) HwBinder:728_1 identical 1 line
E/qdmetadata(  728): paramType 2048 not supported
I/bynm    ( 3914): onPause
W/dolk    ( 3914): measuring already stopped.
I/fpod    ( 2191): updateFingerprintListeningState
I/fpod    ( 2191): mFingerprintRunningState = 0
D/KeyguardFace( 2191): shouldListenForFace ( return false, Face is not default condition)
D/KeyguardUpdateMonitor( 2191): updateFaceListeningState shouldListenForFace==false  mFaceRunningState==0
E/qdmetadata(  728): paramType 2048 not supported
I/chatty  (  728): uid=1000(system) HwBinder:728_1 identical 13 lines
E/qdmetadata(  728): paramType 2048 not supported
D/BatteryService( 1327): /data/anr/adb_enable file.exists() =  false  mPlugType==2
E/qdmetadata(  728): paramType 2048 not supported
I/chatty  (  728): uid=1000(system) HwBinder:728_1 identical 8 lines
E/qdmetadata(  728): paramType 2048 not supported
I/CNSS    ( 2959): Failed to send nl message
E/qdmetadata(  728): paramType 2048 not supported
I/chatty  (  728): uid=1000(system) HwBinder:728_1 identical 13 lines
E/qdmetadata(  728): paramType 2048 not supported
I/Perf    ( 1877): Connecting to perf service.
E/qdmetadata(  728): paramType 2048 not supported
D/NetworkSecurityConfig( 1877): No Network Security Config specified, using platform default
D/NetworkSecurityConfig( 1877): No Network Security Config specified, using platform default
E/qdmetadata(  728): paramType 2048 not supported
E/qdmetadata(  728): paramType 2048 not supported
W/SoLoader( 1877): Initializing SoLoader: 0
W/SoLoader( 1877): Recording new base apk path: /data/app/~~wC7Wq8PVpncFljrPnEKHgg==/to.holepunch.bare.expo-k1CLgf4ISOW-tvJpSlCWfA==/base.apk
W/SoLoader( 1877): Previously recorded 0 base apk paths.
I/SoLoader( 1877): Preparing SO source: DirectorySoSource[root = /vendor/lib64 flags = 2]
I/SoLoader( 1877): Preparing SO source: DirectorySoSource[root = /system/lib64 flags = 2]
I/SoLoader( 1877): Preparing SO source: DirectApkSoSource[root = [/data/app/~~wC7Wq8PVpncFljrPnEKHgg==/to.holepunch.bare.expo-k1CLgf4ISOW-tvJpSlCWfA==/base.apk!/lib/arm64-v8a]]
E/qdmetadata(  728): paramType 2048 not supported
I/chatty  (  728): uid=1000(system) HwBinder:728_1 identical 2 lines
E/qdmetadata(  728): paramType 2048 not supported
I/SoLoader( 1877): Preparing SO source: ApplicationSoSource[DirectorySoSource[root = /data/app/~~wC7Wq8PVpncFljrPnEKHgg==/to.holepunch.bare.expo-k1CLgf4ISOW-tvJpSlCWfA==/lib/arm64 flags = 0]]
I/SoLoader( 1877): init finish: 4 SO sources prepared
W/SoLoader( 1877): SoLoader initialized: 8
E/qdmetadata(  728): paramType 2048 not supported
W/linker  ( 1877): Warning: "/data/app/~~wC7Wq8PVpncFljrPnEKHgg==/to.holepunch.bare.expo-k1CLgf4ISOW-tvJpSlCWfA==/base.apk!/lib/arm64-v8a/libc++_shared.so" unused DT entry: unknown processor-specific (type 0x70000001 arg 0x0) (ignoring)
E/qdmetadata(  728): paramType 2048 not supported
E/qdmetadata(  728): paramType 2048 not supported
D/jni_lib_merge( 1877): Entering merged library JNI_OnLoad.
D/jni_lib_merge( 1877): Preparing 12 pre-merged libs (including stub)
D/jni_lib_merge( 1877): Preparing to register libfabricjni_so.  onload_func: 0x7a2fb23a5c
D/jni_lib_merge( 1877): Preparing to register libreact_devsupportjni_so.  onload_func: 0x7a2fd40720
D/jni_lib_merge( 1877): Preparing to register libreact_featureflagsjni_so.  onload_func: 0x7a2fd52f88
D/jni_lib_merge( 1877): Preparing to register libreact_newarchdefaults_so.  onload_func: 0x7a2fdf8320
D/jni_lib_merge( 1877): Preparing to register libreactnativeblob_so.  onload_func: 0x7a3000a4c4
D/jni_lib_merge( 1877): Preparing to register libreactnativejni_so.  onload_func: 0x7a3004d438
D/jni_lib_merge( 1877): Preparing to register libreactnativejni_common_so.  onload_func: 0x7a3005de2c
D/jni_lib_merge( 1877): Preparing to register librninstance_so.  onload_func: 0x7a300a7c58
D/jni_lib_merge( 1877): Preparing to register libturbomodulejsijni_so.  onload_func: 0x7a30204d60
D/jni_lib_merge( 1877): Preparing to register libuimanagerjni_so.  onload_func: 0x7a3021db00
D/jni_lib_merge( 1877): Preparing to register libyoga_so.  onload_func: 0x7a3022d584
D/jni_lib_merge( 1877): About to register 11 actual methods.
E/qdmetadata(  728): paramType 2048 not supported
D/jni_lib_merge( 1877): Entering merged library JNI_OnLoad.
D/jni_lib_merge( 1877): Preparing 12 pre-merged libs (including stub)
D/jni_lib_merge( 1877): Preparing to register libfabricjni_so.  onload_func: 0x7a2fb23a5c
D/jni_lib_merge( 1877): Preparing to register libreact_devsupportjni_so.  onload_func: 0x7a2fd40720
D/jni_lib_merge( 1877): Preparing to register libreact_featureflagsjni_so.  onload_func: 0x7a2fd52f88
D/jni_lib_merge( 1877): Preparing to register libreact_newarchdefaults_so.  onload_func: 0x7a2fdf8320
D/jni_lib_merge( 1877): Preparing to register libreactnativeblob_so.  onload_func: 0x7a3000a4c4
D/jni_lib_merge( 1877): Preparing to register libreactnativejni_so.  onload_func: 0x7a3004d438
D/jni_lib_merge( 1877): Preparing to register libreactnativejni_common_so.  onload_func: 0x7a3005de2c
D/jni_lib_merge( 1877): Preparing to register librninstance_so.  onload_func: 0x7a300a7c58
D/jni_lib_merge( 1877): Preparing to register libturbomodulejsijni_so.  onload_func: 0x7a30204d60
D/jni_lib_merge( 1877): Preparing to register libuimanagerjni_so.  onload_func: 0x7a3021db00
D/jni_lib_merge( 1877): Preparing to register libyoga_so.  onload_func: 0x7a3022d584
D/jni_lib_merge( 1877): About to register 11 actual methods.
E/qdmetadata(  728): paramType 2048 not supported
I/chatty  (  728): uid=1000(system) HwBinder:728_1 identical 11 lines
E/qdmetadata(  728): paramType 2048 not supported
W/DisplayIdentification(  845): Invalid EDID: falling back to serial number due to missing display name.
W/DisplayIdentification(  845): Invalid EDID: falling back to ASCII text due to missing serial number.
E/qdmetadata(  728): paramType 2048 not supported
I/chatty  (  728): uid=1000(system) HwBinder:728_1 identical 3 lines
E/qdmetadata(  728): paramType 2048 not supported
I/CNSS    ( 2959): Failed to send nl message
I/chatty  ( 2959): uid=1000(system) /system/vendor/bin/cnss_diag identical 7 lines
I/CNSS    ( 2959): Failed to send nl message
E/qdmetadata(  728): paramType 2048 not supported
D/AppCompatDelegate( 1877): Checking for metadata for AppLocalesMetadataHolderService : Service not found
E/qdmetadata(  728): paramType 2048 not supported
I/chatty  (  728): uid=1000(system) HwBinder:728_1 identical 6 lines
E/qdmetadata(  728): paramType 2048 not supported
E/qdmetadata(  728): paramType 2048 not supported
I/chatty  (  728): uid=1000(system) composer@2.4-se identical 1 line
E/qdmetadata(  728): paramType 2048 not supported
I/sensors-hal(  752): batch:243, android.sensor.accelerometer/11, period=66667000, max_latency=0
I/sensors-hal(  752): set_config:63, sample_period_ns is adjusted to 66667000 based on min/max delay_ns
I/sensors-hal(  752): batch:252, android.sensor.accelerometer/11, period=66667000, max_latency=0 request completed
I/sensors-hal(  752): flush:272, android.sensor.accelerometer/11
I/sensors-hal(  752): flush:284, android.sensor.accelerometer/11 completed
I/sensors-hal(  752): ssc_conn_resp_cb:651, resp_value = 0
I/sensors-hal(  752): ssc_conn_resp_cb:651, resp_value = 0
E/qdmetadata(  728): paramType 2048 not supported
I/chatty  (  728): uid=1000(system) composer@2.4-se identical 3 lines
E/qdmetadata(  728): paramType 2048 not supported
W/unknown:BridgelessReact( 1877): ReactHost{0}.startSurface(surfaceId = 0): Schedule
W/unknown:BridgelessReact( 1877): ReactHost{0}.attachSurface(surfaceId = 0)
W/unknown:BridgelessReact( 1877): ReactHost{0}.getOrCreateReactInstanceTask()
W/unknown:BridgelessReact( 1877): ReactHost{0}.getOrCreateReactInstanceTask(): Start
W/unknown:BridgelessReact( 1877): ReactHost{0}.getJSBundleLoader()
W/unknown:BridgelessReact( 1877): ReactHost{0}.isMetroRunning()
E/qdmetadata(  728): paramType 2048 not supported
W/unknown:BridgelessReact( 1877): ReactHost{0}.isMetroRunning(): Async result = true
W/unknown:BridgelessReact( 1877): ReactHost{0}.loadJSBundleFromMetro()
E/qdmetadata(  728): paramType 2048 not supported
W/punch.bare.exp( 1877): Accessing hidden method Landroid/view/ViewGroup;->makeOptionalFitsSystemWindows()V (greylist, reflection, allowed)
E/qdmetadata(  728): paramType 2048 not supported
W/unknown:BridgelessReact( 1877): ReactHost{0}.onHostResume(activity)
W/unknown:ReactNative( 1877): Packager connection already open, nooping.
E/qdmetadata(  728): paramType 2048 not supported
I/Choreographer( 1877): Skipped 47 frames!  The application may be doing too much work on its main thread.
E/qdmetadata(  728): paramType 2048 not supported
I/AdrenoGLES-0( 1877): QUALCOMM build                   : d4cfdf3, Ic907de5ed0
I/AdrenoGLES-0( 1877): Build Date                       : 09/25/20
I/AdrenoGLES-0( 1877): OpenGL ES Shader Compiler Version: EV031.32.02.01
I/AdrenoGLES-0( 1877): Local Branch                     : mybrancheaff3d46-e51f-f136-8926-1458d0b52af0
I/AdrenoGLES-0( 1877): Remote Branch                    : quic/gfx-adreno.lnx.1.0.r116-rel
I/AdrenoGLES-0( 1877): Remote Branch                    : NONE
I/AdrenoGLES-0( 1877): Reconstruct Branch               : NOTHING
I/AdrenoGLES-0( 1877): Build Config                     : S P 10.0.7 AArch64
I/AdrenoGLES-0( 1877): Driver Path                      : /vendor/lib64/egl/libGLESv2_adreno.so
E/qdmetadata(  728): paramType 2048 not supported
I/AdrenoGLES-0( 1877): PFP: 0x016ee190, ME: 0x00000000
E/qdmetadata(  728): paramType 2048 not supported
E/qdmetadata(  728): paramType 2048 not supported
I/OpenGLRenderer( 1877): Davey! duration=852ms; Flags=1, IntendedVsync=7935092355775, Vsync=7935875689077, OldestInputEvent=9223372036854775807, NewestInputEvent=0, HandleInputStart=7935889941711, AnimationStart=7935889950721, PerformTraversalsStart=7935890227857, DrawStart=7935934610148, SyncQueued=7935936248534, SyncStart=7935936628013, IssueDrawCommandsStart=7935936698377, SwapBuffers=7935943495513, FrameCompleted=7935944964888, DequeueBufferDuration=148229, QueueBufferDuration=483073, GpuCompleted=0, 
D/ArtManagerInternalImpl( 1327): /data/misc/iorapd/to.holepunch.bare.expo/1/to.holepunch.bare.expo.MainActivity/compiled_traces/compiled_trace.pb doesn't exist
D/EventSequenceValidator( 1327): Transition from ACTIVITY_LAUNCHED to ACTIVITY_FINISHED
I/ActivityTaskManager( 1327): Displayed to.holepunch.bare.expo/.MainActivity: +1s602ms
E/qdmetadata(  728): paramType 2048 not supported
I/chatty  (  728): uid=1000(system) composer@2.4-se identical 3 lines
E/qdmetadata(  728): paramType 2048 not supported
W/unknown:BridgelessReact( 1877): ReactHost{0}.raiseSoftException(onWindowFocusChange(hasFocus = "true")): Tried to access onWindowFocusChange while context is not ready
E/unknown:ReactHost( 1877): Unhandled SoftException
E/unknown:ReactHost( 1877): com.facebook.react.bridge.ReactNoCrashSoftException: raiseSoftException(onWindowFocusChange(hasFocus = "true")): Tried to access onWindowFocusChange while context is not ready
E/unknown:ReactHost( 1877): 	at com.facebook.react.runtime.ReactHostImpl.raiseSoftException(ReactHostImpl.kt:905)
E/unknown:ReactHost( 1877): 	at com.facebook.react.runtime.ReactHostImpl.raiseSoftException$default(ReactHostImpl.kt:896)
E/unknown:ReactHost( 1877): 	at com.facebook.react.runtime.ReactHostImpl.onWindowFocusChange(ReactHostImpl.kt:668)
E/unknown:ReactHost( 1877): 	at com.facebook.react.ReactDelegate.onWindowFocusChanged(ReactDelegate.kt:232)
E/unknown:ReactHost( 1877): 	at com.facebook.react.ReactActivityDelegate.onWindowFocusChanged(ReactActivityDelegate.java:237)
E/unknown:ReactHost( 1877): 	at expo.modules.ReactActivityDelegateWrapper$onWindowFocusChanged$1.invokeSuspend(ReactActivityDelegateWrapper.kt:320)
E/unknown:ReactHost( 1877): 	at expo.modules.ReactActivityDelegateWrapper$onWindowFocusChanged$1.invoke(Unknown Source:8)
E/unknown:ReactHost( 1877): 	at expo.modules.ReactActivityDelegateWrapper$onWindowFocusChanged$1.invoke(Unknown Source:4)
E/unknown:ReactHost( 1877): 	at expo.modules.ReactActivityDelegateWrapper$launchLifecycleScopeWithLock$1.invokeSuspend(ReactActivityDelegateWrapper.kt:452)
E/unknown:ReactHost( 1877): 	at kotlin.coroutines.jvm.internal.BaseContinuationImpl.resumeWith(ContinuationImpl.kt:33)
E/unknown:ReactHost( 1877): 	at kotlinx.coroutines.internal.DispatchedContinuationKt.resumeCancellableWith(DispatchedContinuation.kt:375)
E/unknown:ReactHost( 1877): 	at kotlinx.coroutines.intrinsics.CancellableKt.startCoroutineCancellable(Cancellable.kt:26)
E/unknown:ReactHost( 1877): 	at kotlinx.coroutines.CoroutineStart.invoke(CoroutineStart.kt:358)
E/unknown:ReactHost( 1877): 	at kotlinx.coroutines.AbstractCoroutine.start(AbstractCoroutine.kt:134)
E/unknown:ReactHost( 1877): 	at kotlinx.coroutines.BuildersKt__Builders_commonKt.launch(Builders.common.kt:53)
E/unknown:ReactHost( 1877): 	at kotlinx.coroutines.BuildersKt.launch(Unknown Source:1)
E/unknown:ReactHost( 1877): 	at kotlinx.coroutines.BuildersKt__Builders_commonKt.launch$default(Builders.common.kt:44)
E/unknown:ReactHost( 1877): 	at kotlinx.coroutines.BuildersKt.launch$default(Unknown Source:1)
E/unknown:ReactHost( 1877): 	at expo.modules.ReactActivityDelegateWrapper.launchLifecycleScopeWithLock(ReactActivityDelegateWrapper.kt:450)
E/unknown:ReactHost( 1877): 	at expo.modules.ReactActivityDelegateWrapper.launchLifecycleScopeWithLock$default(ReactActivityDelegateWrapper.kt:446)
E/unknown:ReactHost( 1877): 	at expo.modules.ReactActivityDelegateWrapper.onWindowFocusChanged(ReactActivityDelegateWrapper.kt:318)
E/unknown:ReactHost( 1877): 	at com.facebook.react.ReactActivity.onWindowFocusChanged(ReactActivity.java:158)
E/unknown:ReactHost( 1877): 	at androidx.appcompat.view.WindowCallbackWrapper.onWindowFocusChanged(WindowCallbackWrapper.java:124)
E/unknown:ReactHost( 1877): 	at com.android.internal.policy.DecorView.onWindowFocusChanged(DecorView.java:1691)
E/unknown:ReactHost( 1877): 	at android.view.View.dispatchWindowFocusChanged(View.java:14583)
E/unknown:ReactHost( 1877): 	at android.view.ViewGroup.dispatchWindowFocusChanged(ViewGroup.java:1502)
E/unknown:ReactHost( 1877): 	at android.view.ViewRootImpl.handleWindowFocusChanged(ViewRootImpl.java:3259)
E/unknown:ReactHost( 1877): 	at android.view.ViewRootImpl.access$1100(ViewRootImpl.java:192)
E/unknown:ReactHost( 1877): 	at android.view.ViewRootImpl$ViewRootHandler.handleMessage(ViewRootImpl.java:5049)
E/unknown:ReactHost( 1877): 	at android.os.Handler.dispatchMessage(Handler.java:106)
E/unknown:ReactHost( 1877): 	at android.os.Looper.loop(Looper.java:223)
E/unknown:ReactHost( 1877): 	at android.app.ActivityThread.main(ActivityThread.java:7698)
E/unknown:ReactHost( 1877): 	at java.lang.reflect.Method.invoke(Native Method)
E/unknown:ReactHost( 1877): 	at com.android.internal.os.RuntimeInit$MethodAndArgsCaller.run(RuntimeInit.java:592)
E/unknown:ReactHost( 1877): 	at com.android.internal.os.ZygoteInit.main(ZygoteInit.java:952)
E/qdmetadata(  728): paramType 2048 not supported
E/qdmetadata(  728): paramType 2048 not supported
I/GoogleInputMethodService( 2901): GoogleInputMethodService.onFinishInput():2259 
I/Module  ( 2901): DeviceLockedStatusModuleProvider$Module.updateDeviceLockedStatusInternal():127 repeatCheckTimes = 0, locked = false
E/qdmetadata(  728): paramType 2048 not supported
I/GoogleInputMethodService( 2901): GoogleInputMethodService.onStartInput():1446 onStartInput(EditorInfo{EditorInfo{packageName=to.holepunch.bare.expo, inputType=0, inputTypeString=NULL, enableLearning=false, autoCorrection=false, autoComplete=false, imeOptions=0, privateImeOptions=null, actionName=UNSPECIFIED, actionLabel=null, initialSelStart=-1, initialSelEnd=-1, initialCapsMode=0, label=null, fieldId=-1, fieldName=null, extras=null, hintText=null, hintLocales=[]}}, false)
W/AndroidIME( 2901): LatinIMEBase.updateInputViewCoverNavigation():326 Null input view, cannot update padding!
I/Module  ( 2901): DeviceLockedStatusModuleProvider$Module.updateDeviceLockedStatusInternal():127 repeatCheckTimes = 1, locked = false
E/qdmetadata(  728): paramType 2048 not supported
I/chatty  (  728): uid=1000(system) composer@2.4-se identical 2 lines
E/qdmetadata(  728): paramType 2048 not supported
V/ActivityTaskManager( 1327): Calling mServicetracker.OnActivityStateChange with flag truestateSTOPPING
I/vendor.qti.hardware.servicetracker@1.2-service(  779): Activity state is changed to : 5
V/ActivityTaskManager( 1327): Calling mServicetracker.OnActivityStateChange with flag falsestateSTOPPING
I/vendor.qti.hardware.servicetracker@1.2-service(  779): Activity state is changed to : 5
E/qdmetadata(  728): paramType 2048 not supported
I/vendor.qti.hardware.servicetracker@1.2-service(  779): unbindService is called for service : com.google.android.googlequicksearchbox/com.google.android.apps.gsa.nowoverlayservice.DrawerOverlayService and for client com.android.launcher3
I/ActivityManager( 1327): Killing 27614:android.process.acore/u0a20 (adj 999): empty #31
I/bynm    ( 3914): onStop
E/qdmetadata(  728): paramType 2048 not supported
I/chatty  (  728): uid=1000(system) composer@2.4-se identical 1 line
V/ActivityTaskManager( 1327): Calling mServicetracker.OnActivityStateChange with flag truestateSTOPPED
V/ActivityTaskManager( 1327): Calling mServicetracker.OnActivityStateChange with flag falsestateSTOPPED
E/qdmetadata(  728): paramType 2048 not supported
I/vendor.qti.hardware.servicetracker@1.2-service(  779): Activity state is changed to : 6
I/vendor.qti.hardware.servicetracker@1.2-service(  779): Activity state is changed to : 6
E/qdmetadata(  728): paramType 2048 not supported
D/CountryDetector( 1327): No listener is left
I/vendor.qti.hardware.servicetracker@1.2-service(  779): killProcess is called for pid : 27614
I/Zygote  (  603): Process 27614 exited due to signal 9 (Killed)
I/libprocessgroup( 1327): Successfully killed process cgroup uid 10020 pid 27614 in 37ms
I/CNSS    ( 2959): Failed to send nl message
E/qdmetadata(  728): paramType 2048 not supported
I/CNSS    ( 2959): Failed to send nl message
E/qdmetadata(  728): paramType 2048 not supported
I/CNSS    ( 2959): Failed to send nl message
I/chatty  ( 2959): uid=1000(system) /system/vendor/bin/cnss_diag identical 2 lines
I/CNSS    ( 2959): Failed to send nl message
E/qdmetadata(  728): paramType 2048 not supported
I/chatty  (  728): uid=1000(system) composer@2.4-se identical 1 line
E/qdmetadata(  728): paramType 2048 not supported
I/CNSS    ( 2959): Failed to send nl message
I/CNSS    ( 2959): Failed to send nl message
E/qdmetadata(  728): paramType 2048 not supported
I/CNSS    ( 2959): Failed to send nl message
I/CNSS    ( 2959): Failed to send nl message
E/qdmetadata(  728): paramType 2048 not supported
I/chatty  (  728): uid=1000(system) composer@2.4-se identical 3 lines
E/qdmetadata(  728): paramType 2048 not supported
W/unknown:BridgelessReact( 1877): ReactHost{0}.loadJSBundleFromMetro(): Creating BundleLoader
W/unknown:BridgelessReact( 1877): ReactHost{0}.getOrCreateReactInstanceTask(): Creating BridgelessReactContext
W/unknown:BridgelessReact( 1877): ReactHost{0}.getOrCreateReactInstanceTask(): Creating ReactInstance
E/qdmetadata(  728): paramType 2048 not supported
D/jni_lib_merge( 1877): Entering merged library JNI_OnLoad.
D/jni_lib_merge( 1877): Preparing 4 pre-merged libs (including stub)
D/jni_lib_merge( 1877): Preparing to register libhermes_executor_so.  onload_func: 0x7a1ebf3fa4
D/jni_lib_merge( 1877): Preparing to register libhermesinstancejni_so.  onload_func: 0x7a1ec2d8b4
D/jni_lib_merge( 1877): Preparing to register libjsijniprofiler_so.  onload_func: 0x7a1ec2f8f8
D/jni_lib_merge( 1877): About to register 3 actual methods.
E/qdmetadata(  728): paramType 2048 not supported
I/FontLog ( 3054): (REDACTED) Received query %s, URI %s
I/FontLog ( 3054): (REDACTED) Query [%s] resolved to %s
I/FontLog ( 3054): (REDACTED) Fetch %s end status %s
I/FontLog ( 3054): (REDACTED) Pulling font file for id = %d, cache size = %d
I/FontLog ( 3054): (REDACTED) Pulling font file for id = %d, cache size = %d
I/CNSS    ( 2959): Failed to send nl message
I/ExpoModulesCore( 1877): ✅ AppContext was initialized
W/unknown:BridgelessReact( 1877): ReactHost{0}.getOrCreateReactInstanceTask(): Loading JS Bundle
W/unknown:BridgelessReact( 1877): ReactHost{0}.getOrCreateReactInstanceTask(): DevSupportManager.onNewReactContextCreated()
W/unknown:ReactNative( 1877): Packager connection already open, nooping.
W/unknown:BridgelessReact( 1877): ReactHost{0}.startSurface(surfaceId = 0): Execute
W/unknown:BridgelessReact( 1877): ReactHost{0}.ReactContext.onHostResume()
W/unknown:BridgelessReact( 1877): ReactHost{0}.getOrCreateReactInstanceTask(): Executing ReactInstanceEventListeners
I/CNSS    ( 2959): Failed to send nl message
I/chatty  ( 2959): uid=1000(system) /system/vendor/bin/cnss_diag identical 16 lines
I/CNSS    ( 2959): Failed to send nl message
I/WebViewFactory( 1877): Loading com.google.android.webview version 149.0.7827.91 (code 782709103)
D/ApplicationLoaders( 1877): Returning zygote-cached class loader: /system/framework/android.test.base.jar
W/linker  ( 1877): Warning: "/data/app/~~_i_6DsbgeJsl00Gb9Unyew==/com.google.android.webview-cNeDUfuIjN_zYknOfeS49Q==/base.apk!/lib/arm64-v8a/libwebviewchromium.so" unused DT entry: unknown processor-specific (type 0x70000001 arg 0x0) (ignoring)
I/cr_WVCFactoryProvider( 1877): version=149.0.7827.91 (782709103) minSdkVersion=29 multiprocess=true packageId=127 splits=<none>
I/chromium( 1877): [0612/200818.908132:INFO:android_webview/browser/variations/variations_seed_loader.cc:67] Failed to open file for reading.: No such file or directory (2)
I/chromium( 1877): [0612/200818.908691:INFO:android_webview/browser/variations/variations_seed_loader.cc:67] Failed to open file for reading.: No such file or directory (2)
I/cr_LibraryLoader( 1877): Successfully loaded native library
I/cr_CachingUmaRecorder( 1877): Flushed 35 samples from 13 histograms, 0 samples were dropped.
W/BridgelessReactContext( 1877): [WARNING] Bridgeless doesn't support CatalystInstance. Accessing an API that's not part of the new architecture is not encouraged usage.
I/ExpoModulesCore( 1877): ✅ JSI interop was installed
I/ExpoModulesCore( 1877): ✅ Constants were exported
W/unknown:ViewManagerPropertyUpdater( 1877): Could not find generated setter for class com.th3rdwave.safeareacontext.SafeAreaProviderManager
I/CNSS    ( 2959): Failed to send nl message
W/unknown:ViewManagerPropertyUpdater( 1877): Could not find generated setter for class com.facebook.react.uimanager.LayoutShadowNode
W/unknown:ViewManagerPropertyUpdater( 1877): Could not find generated setter for class com.swmansion.rnscreens.SearchBarManager
W/unknown:ViewManagerPropertyUpdater( 1877): Could not find generated setter for class com.swmansion.rnscreens.ScreenFooterManager
W/unknown:ViewManagerPropertyUpdater( 1877): Could not find generated setter for class com.swmansion.rnscreens.gamma.tabs.TabScreenViewManager
W/unknown:ViewManagerPropertyUpdater( 1877): Could not find generated setter for class expo.modules.kotlin.views.GroupViewManagerWrapper
W/unknown:ViewManagerPropertyUpdater( 1877): Could not find generated setter for class com.swmansion.rnscreens.ScreenContainerViewManager
W/unknown:ViewManagerPropertyUpdater( 1877): Could not find generated setter for class com.swmansion.rnscreens.gamma.tabs.TabsHostViewManager
W/unknown:ViewManagerPropertyUpdater( 1877): Could not find generated setter for class com.swmansion.rnscreens.ModalScreenViewManager
W/unknown:ViewManagerPropertyUpdater( 1877): Could not find generated setter for class com.swmansion.rnscreens.ScreenStackHeaderConfigViewManager
W/unknown:ViewManagerPropertyUpdater( 1877): Could not find generated setter for class com.swmansion.rnscreens.ScreenContentWrapperManager
W/unknown:ViewManagerPropertyUpdater( 1877): Could not find generated setter for class com.th3rdwave.safeareacontext.SafeAreaViewManager
W/unknown:ViewManagerPropertyUpdater( 1877): Could not find generated setter for class com.th3rdwave.safeareacontext.SafeAreaViewShadowNode
W/unknown:ViewManagerPropertyUpdater( 1877): Could not find generated setter for class com.swmansion.rnscreens.safearea.SafeAreaViewManager
W/unknown:ViewManagerPropertyUpdater( 1877): Could not find generated setter for class com.swmansion.rnscreens.safearea.paper.SafeAreaViewShadowNode
W/unknown:ViewManagerPropertyUpdater( 1877): Could not find generated setter for class com.swmansion.rnscreens.ScreenViewManager
W/unknown:ViewManagerPropertyUpdater( 1877): Could not find generated setter for class com.swmansion.rnscreens.gamma.stack.host.StackHostViewManager
W/unknown:ViewManagerPropertyUpdater( 1877): Could not find generated setter for class com.swmansion.rnscreens.ScreenStackHeaderSubviewManager
W/unknown:ViewManagerPropertyUpdater( 1877): Could not find generated setter for class com.swmansion.rnscreens.gamma.stack.screen.StackScreenViewManager
W/unknown:ViewManagerPropertyUpdater( 1877): Could not find generated setter for class com.swmansion.rnscreens.ScreenStackViewManager
W/unknown:ViewManagerPropertyUpdater( 1877): Could not find generated setter for class com.facebook.react.views.debuggingoverlay.DebuggingOverlayManager
W/unknown:ViewManagerPropertyUpdater( 1877): Could not find generated setter for class com.facebook.react.views.safeareaview.ReactSafeAreaViewManager
W/unknown:ViewManagerPropertyUpdater( 1877): Could not find generated setter for class com.facebook.react.views.modal.ReactModalHostManager
W/unknown:ViewManagerPropertyUpdater( 1877): Could not find generated setter for class com.facebook.react.views.text.frescosupport.FrescoBasedReactTextInlineImageViewManager
W/unknown:ViewManagerPropertyUpdater( 1877): Could not find generated setter for class com.facebook.react.views.text.frescosupport.FrescoBasedReactTextInlineImageShadowNode
W/unknown:ViewManagerPropertyUpdater( 1877): Could not find generated setter for class com.facebook.react.views.progressbar.ReactProgressBarViewManager
W/unknown:ViewManagerPropertyUpdater( 1877): Could not find generated setter for class com.facebook.react.views.progressbar.ProgressBarShadowNode
W/unknown:ViewManagerPropertyUpdater( 1877): Could not find generated setter for class com.facebook.react.views.scroll.ReactHorizontalScrollViewManager
W/unknown:ViewManagerPropertyUpdater( 1877): Could not find generated setter for class com.facebook.react.views.image.ReactImageManager
W/unknown:ViewManagerPropertyUpdater( 1877): Could not find generated setter for class com.facebook.react.views.text.ReactTextViewManager
W/unknown:ViewManagerPropertyUpdater( 1877): Could not find generated setter for class com.facebook.react.views.text.ReactTextShadowNode
W/unknown:ViewManagerPropertyUpdater( 1877): Could not find generated setter for class com.facebook.react.views.scroll.ReactHorizontalScrollContainerViewManager
W/unknown:ViewManagerPropertyUpdater( 1877): Could not find generated setter for class com.facebook.react.views.unimplementedview.ReactUnimplementedViewManager
W/unknown:ViewManagerPropertyUpdater( 1877): Could not find generated setter for class com.facebook.react.views.scroll.ReactScrollViewManager
W/unknown:ViewManagerPropertyUpdater( 1877): Could not find generated setter for class com.facebook.react.views.view.ReactViewManager
W/unknown:ViewManagerPropertyUpdater( 1877): Could not find generated setter for class com.facebook.react.views.drawer.ReactDrawerLayoutManager
W/unknown:ViewManagerPropertyUpdater( 1877): Could not find generated setter for class com.facebook.react.views.switchview.ReactSwitchManager
W/unknown:ViewManagerPropertyUpdater( 1877): Could not find generated setter for class com.facebook.react.views.switchview.ReactSwitchShadowNode
W/unknown:ViewManagerPropertyUpdater( 1877): Could not find generated setter for class com.facebook.react.views.swiperefresh.SwipeRefreshLayoutManager
W/unknown:ViewManagerPropertyUpdater( 1877): Could not find generated setter for class com.facebook.react.views.textinput.ReactTextInputManager
W/unknown:ViewManagerPropertyUpdater( 1877): Could not find generated setter for class com.facebook.react.views.textinput.ReactTextInputShadowNode
I/CNSS    ( 2959): Failed to send nl message
I/chatty  ( 2959): uid=1000(system) /system/vendor/bin/cnss_diag identical 6 lines
I/CNSS    ( 2959): Failed to send nl message
I/ReactNativeJS( 1877): Running "main" with {"rootTag":1,"initialProps":{},"fabric":true}
I/CNSS    ( 2959): Failed to send nl message
W/charge_logger( 2013): type=1400 audit(0.0:149584): avc: denied { remove_name } for name="charge_logger_a.csv" dev="sda15" ino=174 scontext=u:r:charge_logger:s0 tcontext=u:object_r:charge_logger_data_file:s0 tclass=dir permissive=0
V/DisplayPowerController( 1327): Brightness [0.5670238] reason changing to: 'manual', previous reason: 'manual [ dim ]'.
W/LightsService( 1327): brightnessFloat: 0.057432134
W/LightsService( 1327): brightnessIntNew: 16
D/HBMFeatureControl( 1327): brightness=16
D/HBMFeatureControl( 1327): checkHBMStatus,mMode=0, mOldMode = 0
E/qdlights(  732): brightness=68
D/qdlights(  732): write_int 68 ==> /sys/class/backlight/panel0-backlight/brightness_clone
D/qdlights(  732): write_int 68 ==> /sys/class/backlight/panel0-backlight/brightness
E/qdmetadata(  728): paramType 2048 not supported
E/qdmetadata(  728): paramType 2048 not supported
W/LightsService( 1327): brightnessFloat: 0.06920388
W/LightsService( 1327): brightnessIntNew: 19
D/HBMFeatureControl( 1327): brightness=19
D/HBMFeatureControl( 1327): checkHBMStatus,mMode=0, mOldMode = 0
E/qdlights(  732): brightness=80
D/qdlights(  732): write_int 80 ==> /sys/class/backlight/panel0-backlight/brightness_clone
D/qdlights(  732): write_int 80 ==> /sys/class/backlight/panel0-backlight/brightness
W/LightsService( 1327): brightnessFloat: 0.08097563
W/LightsService( 1327): brightnessIntNew: 22
D/HBMFeatureControl( 1327): brightness=22
D/HBMFeatureControl( 1327): checkHBMStatus,mMode=0, mOldMode = 0
E/qdlights(  732): brightness=92
D/qdlights(  732): write_int 92 ==> /sys/class/backlight/panel0-backlight/brightness_clone
D/qdlights(  732): write_int 92 ==> /sys/class/backlight/panel0-backlight/brightness
E/qdmetadata(  728): paramType 2048 not supported
W/LightsService( 1327): brightnessFloat: 0.093944505
W/LightsService( 1327): brightnessIntNew: 25
D/HBMFeatureControl( 1327): brightness=25
D/HBMFeatureControl( 1327): checkHBMStatus,mMode=0, mOldMode = 0
E/qdlights(  732): brightness=104
D/qdlights(  732): write_int 104 ==> /sys/class/backlight/panel0-backlight/brightness_clone
D/qdlights(  732): write_int 104 ==> /sys/class/backlight/panel0-backlight/brightness
W/LightsService( 1327): brightnessFloat: 0.10572163
W/LightsService( 1327): brightnessIntNew: 28
D/HBMFeatureControl( 1327): brightness=28
D/HBMFeatureControl( 1327): checkHBMStatus,mMode=0, mOldMode = 0
E/qdlights(  732): brightness=116
D/qdlights(  732): write_int 116 ==> /sys/class/backlight/panel0-backlight/brightness_clone
D/qdlights(  732): write_int 116 ==> /sys/class/backlight/panel0-backlight/brightness
W/LightsService( 1327): brightnessFloat: 0.11493015
W/LightsService( 1327): brightnessIntNew: 30
D/HBMFeatureControl( 1327): brightness=30
D/HBMFeatureControl( 1327): checkHBMStatus,mMode=0, mOldMode = 0
E/qdlights(  732): brightness=124
D/qdlights(  732): write_int 124 ==> /sys/class/backlight/panel0-backlight/brightness_clone
D/qdlights(  732): write_int 124 ==> /sys/class/backlight/panel0-backlight/brightness
W/LightsService( 1327): brightnessFloat: 0.1266957
W/LightsService( 1327): brightnessIntNew: 33
D/HBMFeatureControl( 1327): brightness=33
D/HBMFeatureControl( 1327): checkHBMStatus,mMode=0, mOldMode = 0
E/qdlights(  732): brightness=136
D/qdlights(  732): write_int 136 ==> /sys/class/backlight/panel0-backlight/brightness_clone
D/qdlights(  732): write_int 136 ==> /sys/class/backlight/panel0-backlight/brightness
W/LightsService( 1327): brightnessFloat: 0.13846126
W/LightsService( 1327): brightnessIntNew: 36
D/HBMFeatureControl( 1327): brightness=36
D/HBMFeatureControl( 1327): checkHBMStatus,mMode=0, mOldMode = 0
E/qdlights(  732): brightness=148
D/qdlights(  732): write_int 148 ==> /sys/class/backlight/panel0-backlight/brightness_clone
D/qdlights(  732): write_int 148 ==> /sys/class/backlight/panel0-backlight/brightness
E/qdmetadata(  728): paramType 2048 not supported
W/LightsService( 1327): brightnessFloat: 0.15022682
W/LightsService( 1327): brightnessIntNew: 39
D/HBMFeatureControl( 1327): brightness=39
D/HBMFeatureControl( 1327): checkHBMStatus,mMode=0, mOldMode = 0
E/qdlights(  732): brightness=160
D/qdlights(  732): write_int 160 ==> /sys/class/backlight/panel0-backlight/brightness_clone
D/qdlights(  732): write_int 160 ==> /sys/class/backlight/panel0-backlight/brightness
W/LightsService( 1327): brightnessFloat: 0.16197252
W/LightsService( 1327): brightnessIntNew: 42
D/HBMFeatureControl( 1327): brightness=42
D/HBMFeatureControl( 1327): checkHBMStatus,mMode=0, mOldMode = 0
E/qdmetadata(  728): paramType 2048 not supported
E/qdlights(  732): brightness=172
D/qdlights(  732): write_int 172 ==> /sys/class/backlight/panel0-backlight/brightness_clone
D/qdlights(  732): write_int 172 ==> /sys/class/backlight/panel0-backlight/brightness
E/qdmetadata(  728): paramType 2048 not supported
W/LightsService( 1327): brightnessFloat: 0.17373799
W/LightsService( 1327): brightnessIntNew: 45
D/HBMFeatureControl( 1327): brightness=45
D/HBMFeatureControl( 1327): checkHBMStatus,mMode=0, mOldMode = 0
E/qdlights(  732): brightness=184
D/qdlights(  732): write_int 184 ==> /sys/class/backlight/panel0-backlight/brightness_clone
D/qdlights(  732): write_int 184 ==> /sys/class/backlight/panel0-backlight/brightness
W/LightsService( 1327): brightnessFloat: 0.18550345
W/LightsService( 1327): brightnessIntNew: 48
D/HBMFeatureControl( 1327): brightness=48
D/HBMFeatureControl( 1327): checkHBMStatus,mMode=0, mOldMode = 0
E/qdlights(  732): brightness=196
D/qdlights(  732): write_int 196 ==> /sys/class/backlight/panel0-backlight/brightness_clone
D/qdlights(  732): write_int 196 ==> /sys/class/backlight/panel0-backlight/brightness
W/LightsService( 1327): brightnessFloat: 0.19724682
W/LightsService( 1327): brightnessIntNew: 51
D/HBMFeatureControl( 1327): brightness=51
D/HBMFeatureControl( 1327): checkHBMStatus,mMode=0, mOldMode = 0
E/qdlights(  732): brightness=208
D/qdlights(  732): write_int 208 ==> /sys/class/backlight/panel0-backlight/brightness_clone
D/qdlights(  732): write_int 208 ==> /sys/class/backlight/panel0-backlight/brightness
W/LightsService( 1327): brightnessFloat: 0.20901217
W/LightsService( 1327): brightnessIntNew: 54
D/HBMFeatureControl( 1327): brightness=54
D/HBMFeatureControl( 1327): checkHBMStatus,mMode=0, mOldMode = 0
E/qdlights(  732): brightness=220
D/qdlights(  732): write_int 220 ==> /sys/class/backlight/panel0-backlight/brightness_clone
D/qdlights(  732): write_int 220 ==> /sys/class/backlight/panel0-backlight/brightness
W/LightsService( 1327): brightnessFloat: 0.22077751
W/LightsService( 1327): brightnessIntNew: 57
D/HBMFeatureControl( 1327): brightness=57
D/HBMFeatureControl( 1327): checkHBMStatus,mMode=0, mOldMode = 0
E/qdlights(  732): brightness=232
D/qdlights(  732): write_int 232 ==> /sys/class/backlight/panel0-backlight/brightness_clone
D/qdlights(  732): write_int 232 ==> /sys/class/backlight/panel0-backlight/brightness
E/qdmetadata(  728): paramType 2048 not supported
W/LightsService( 1327): brightnessFloat: 0.23254286
W/LightsService( 1327): brightnessIntNew: 60
D/HBMFeatureControl( 1327): brightness=60
D/HBMFeatureControl( 1327): checkHBMStatus,mMode=0, mOldMode = 0
E/qdlights(  732): brightness=244
D/qdlights(  732): write_int 244 ==> /sys/class/backlight/panel0-backlight/brightness_clone
D/qdlights(  732): write_int 244 ==> /sys/class/backlight/panel0-backlight/brightness
W/LightsService( 1327): brightnessFloat: 0.24435526
W/LightsService( 1327): brightnessIntNew: 63
D/HBMFeatureControl( 1327): brightness=63
D/HBMFeatureControl( 1327): checkHBMStatus,mMode=0, mOldMode = 0
E/qdlights(  732): brightness=256
D/qdlights(  732): write_int 256 ==> /sys/class/backlight/panel0-backlight/brightness_clone
D/qdlights(  732): write_int 256 ==> /sys/class/backlight/panel0-backlight/brightness
W/LightsService( 1327): brightnessFloat: 0.2561208
W/LightsService( 1327): brightnessIntNew: 66
D/HBMFeatureControl( 1327): brightness=66
D/HBMFeatureControl( 1327): checkHBMStatus,mMode=0, mOldMode = 0
E/qdlights(  732): brightness=268
D/qdlights(  732): write_int 268 ==> /sys/class/backlight/panel0-backlight/brightness_clone
D/qdlights(  732): write_int 268 ==> /sys/class/backlight/panel0-backlight/brightness
W/LightsService( 1327): brightnessFloat: 0.26788634
W/LightsService( 1327): brightnessIntNew: 69
D/HBMFeatureControl( 1327): brightness=69
D/HBMFeatureControl( 1327): checkHBMStatus,mMode=0, mOldMode = 0
E/qdlights(  732): brightness=280
D/qdlights(  732): write_int 280 ==> /sys/class/backlight/panel0-backlight/brightness_clone
D/qdlights(  732): write_int 280 ==> /sys/class/backlight/panel0-backlight/brightness
W/LightsService( 1327): brightnessFloat: 0.27965188
W/LightsService( 1327): brightnessIntNew: 72
D/HBMFeatureControl( 1327): brightness=72
D/HBMFeatureControl( 1327): checkHBMStatus,mMode=0, mOldMode = 0
E/qdlights(  732): brightness=292
D/qdlights(  732): write_int 292 ==> /sys/class/backlight/panel0-backlight/brightness_clone
D/qdlights(  732): write_int 292 ==> /sys/class/backlight/panel0-backlight/brightness
W/LightsService( 1327): brightnessFloat: 0.29141742
W/LightsService( 1327): brightnessIntNew: 75
D/HBMFeatureControl( 1327): brightness=75
D/HBMFeatureControl( 1327): checkHBMStatus,mMode=0, mOldMode = 0
E/qdlights(  732): brightness=304
D/qdlights(  732): write_int 304 ==> /sys/class/backlight/panel0-backlight/brightness_clone
D/qdlights(  732): write_int 304 ==> /sys/class/backlight/panel0-backlight/brightness
W/LightsService( 1327): brightnessFloat: 0.30318296
W/LightsService( 1327): brightnessIntNew: 78
D/HBMFeatureControl( 1327): brightness=78
D/HBMFeatureControl( 1327): checkHBMStatus,mMode=0, mOldMode = 0
E/qdlights(  732): brightness=316
D/qdlights(  732): write_int 316 ==> /sys/class/backlight/panel0-backlight/brightness_clone
D/qdlights(  732): write_int 316 ==> /sys/class/backlight/panel0-backlight/brightness
W/LightsService( 1327): brightnessFloat: 0.3149485
W/LightsService( 1327): brightnessIntNew: 81
D/HBMFeatureControl( 1327): brightness=81
D/HBMFeatureControl( 1327): checkHBMStatus,mMode=0, mOldMode = 0
E/qdlights(  732): brightness=328
D/qdlights(  732): write_int 328 ==> /sys/class/backlight/panel0-backlight/brightness_clone
D/qdlights(  732): write_int 328 ==> /sys/class/backlight/panel0-backlight/brightness
W/LightsService( 1327): brightnessFloat: 0.32671404
W/LightsService( 1327): brightnessIntNew: 84
D/HBMFeatureControl( 1327): brightness=84
D/HBMFeatureControl( 1327): checkHBMStatus,mMode=0, mOldMode = 0
E/qdlights(  732): brightness=340
D/qdlights(  732): write_int 340 ==> /sys/class/backlight/panel0-backlight/brightness_clone
D/qdlights(  732): write_int 340 ==> /sys/class/backlight/panel0-backlight/brightness
W/LightsService( 1327): brightnessFloat: 0.33847958
W/LightsService( 1327): brightnessIntNew: 87
D/HBMFeatureControl( 1327): brightness=87
D/HBMFeatureControl( 1327): checkHBMStatus,mMode=0, mOldMode = 0
E/qdlights(  732): brightness=352
D/qdlights(  732): write_int 352 ==> /sys/class/backlight/panel0-backlight/brightness_clone
D/qdlights(  732): write_int 352 ==> /sys/class/backlight/panel0-backlight/brightness
W/LightsService( 1327): brightnessFloat: 0.35024512
W/LightsService( 1327): brightnessIntNew: 90
D/HBMFeatureControl( 1327): brightness=90
D/HBMFeatureControl( 1327): checkHBMStatus,mMode=0, mOldMode = 0
E/qdlights(  732): brightness=364
D/qdlights(  732): write_int 364 ==> /sys/class/backlight/panel0-backlight/brightness_clone
D/qdlights(  732): write_int 364 ==> /sys/class/backlight/panel0-backlight/brightness
W/LightsService( 1327): brightnessFloat: 0.36201066
W/LightsService( 1327): brightnessIntNew: 93
D/HBMFeatureControl( 1327): brightness=93
D/HBMFeatureControl( 1327): checkHBMStatus,mMode=0, mOldMode = 0
E/qdlights(  732): brightness=376
D/qdlights(  732): write_int 376 ==> /sys/class/backlight/panel0-backlight/brightness_clone
D/qdlights(  732): write_int 376 ==> /sys/class/backlight/panel0-backlight/brightness
W/LightsService( 1327): brightnessFloat: 0.3737762
W/LightsService( 1327): brightnessIntNew: 96
D/HBMFeatureControl( 1327): brightness=96
D/HBMFeatureControl( 1327): checkHBMStatus,mMode=0, mOldMode = 0
E/qdlights(  732): brightness=388
D/qdlights(  732): write_int 388 ==> /sys/class/backlight/panel0-backlight/brightness_clone
D/qdlights(  732): write_int 388 ==> /sys/class/backlight/panel0-backlight/brightness
W/LightsService( 1327): brightnessFloat: 0.38554174
W/LightsService( 1327): brightnessIntNew: 99
D/HBMFeatureControl( 1327): brightness=99
D/HBMFeatureControl( 1327): checkHBMStatus,mMode=0, mOldMode = 0
E/qdlights(  732): brightness=400
D/qdlights(  732): write_int 400 ==> /sys/class/backlight/panel0-backlight/brightness_clone
D/qdlights(  732): write_int 400 ==> /sys/class/backlight/panel0-backlight/brightness
I/punch.bare.exp( 1877): NativeAlloc concurrent copying GC freed 56548(4141KB) AllocSpace objects, 6(120KB) LOS objects, 49% free, 6656KB/13MB, paused 87us total 106.053ms
W/LightsService( 1327): brightnessFloat: 0.39730728
W/LightsService( 1327): brightnessIntNew: 102
D/HBMFeatureControl( 1327): brightness=102
D/HBMFeatureControl( 1327): checkHBMStatus,mMode=0, mOldMode = 0
E/qdlights(  732): brightness=412
D/qdlights(  732): write_int 412 ==> /sys/class/backlight/panel0-backlight/brightness_clone
D/qdlights(  732): write_int 412 ==> /sys/class/backlight/panel0-backlight/brightness
W/LightsService( 1327): brightnessFloat: 0.40907282
W/LightsService( 1327): brightnessIntNew: 105
D/HBMFeatureControl( 1327): brightness=105
D/HBMFeatureControl( 1327): checkHBMStatus,mMode=0, mOldMode = 0
E/qdlights(  732): brightness=424
D/qdlights(  732): write_int 424 ==> /sys/class/backlight/panel0-backlight/brightness_clone
D/qdlights(  732): write_int 424 ==> /sys/class/backlight/panel0-backlight/brightness
W/LightsService( 1327): brightnessFloat: 0.42083836
W/LightsService( 1327): brightnessIntNew: 108
D/HBMFeatureControl( 1327): brightness=108
D/HBMFeatureControl( 1327): checkHBMStatus,mMode=0, mOldMode = 0
E/qdlights(  732): brightness=436
D/qdlights(  732): write_int 436 ==> /sys/class/backlight/panel0-backlight/brightness_clone
D/qdlights(  732): write_int 436 ==> /sys/class/backlight/panel0-backlight/brightness
W/LightsService( 1327): brightnessFloat: 0.4326039
W/LightsService( 1327): brightnessIntNew: 111
D/HBMFeatureControl( 1327): brightness=111
D/HBMFeatureControl( 1327): checkHBMStatus,mMode=0, mOldMode = 0
E/qdlights(  732): brightness=448
D/qdlights(  732): write_int 448 ==> /sys/class/backlight/panel0-backlight/brightness_clone
D/qdlights(  732): write_int 448 ==> /sys/class/backlight/panel0-backlight/brightness
W/LightsService( 1327): brightnessFloat: 0.44436944
W/LightsService( 1327): brightnessIntNew: 114
D/HBMFeatureControl( 1327): brightness=114
D/HBMFeatureControl( 1327): checkHBMStatus,mMode=0, mOldMode = 0
E/qdmetadata(  728): paramType 2048 not supported
E/qdlights(  732): brightness=460
D/qdlights(  732): write_int 460 ==> /sys/class/backlight/panel0-backlight/brightness_clone
D/qdlights(  732): write_int 460 ==> /sys/class/backlight/panel0-backlight/brightness
W/LightsService( 1327): brightnessFloat: 0.45613497
W/LightsService( 1327): brightnessIntNew: 117
D/HBMFeatureControl( 1327): brightness=117
D/HBMFeatureControl( 1327): checkHBMStatus,mMode=0, mOldMode = 0
E/qdmetadata(  728): paramType 2048 not supported
E/qdlights(  732): brightness=472
D/qdlights(  732): write_int 472 ==> /sys/class/backlight/panel0-backlight/brightness_clone
D/qdlights(  732): write_int 472 ==> /sys/class/backlight/panel0-backlight/brightness
W/LightsService( 1327): brightnessFloat: 0.4679005
W/LightsService( 1327): brightnessIntNew: 120
D/HBMFeatureControl( 1327): brightness=120
D/HBMFeatureControl( 1327): checkHBMStatus,mMode=0, mOldMode = 0
E/qdlights(  732): brightness=484
D/qdlights(  732): write_int 484 ==> /sys/class/backlight/panel0-backlight/brightness_clone
D/qdlights(  732): write_int 484 ==> /sys/class/backlight/panel0-backlight/brightness
W/LightsService( 1327): brightnessFloat: 0.47962183
W/LightsService( 1327): brightnessIntNew: 123
D/HBMFeatureControl( 1327): brightness=123
D/HBMFeatureControl( 1327): checkHBMStatus,mMode=0, mOldMode = 0
E/qdlights(  732): brightness=496
D/qdlights(  732): write_int 496 ==> /sys/class/backlight/panel0-backlight/brightness_clone
D/qdlights(  732): write_int 496 ==> /sys/class/backlight/panel0-backlight/brightness
W/LightsService( 1327): brightnessFloat: 0.4914039
W/LightsService( 1327): brightnessIntNew: 126
D/HBMFeatureControl( 1327): brightness=126
D/HBMFeatureControl( 1327): checkHBMStatus,mMode=0, mOldMode = 0
E/qdlights(  732): brightness=508
D/qdlights(  732): write_int 508 ==> /sys/class/backlight/panel0-backlight/brightness_clone
D/qdlights(  732): write_int 508 ==> /sys/class/backlight/panel0-backlight/brightness
W/LightsService( 1327): brightnessFloat: 0.5031693
W/LightsService( 1327): brightnessIntNew: 129
D/HBMFeatureControl( 1327): brightness=129
